Resolving dependencies...
Downloading packages...
  _fe_analyzer_shared 85.0.0 (94.0.0 available)
  analyzer 7.6.0 (10.0.2 available)
  analyzer_plugin 0.13.4 (0.14.2 available)
  build 2.5.4 (4.0.4 available)
  build_config 1.1.2 (1.2.0 available)
  build_resolvers 2.5.4 (3.0.4 available)
  build_runner 2.5.4 (2.11.0 available)
  build_runner_core 9.1.2 (9.3.2 available)
  characters 1.4.0 (1.4.1 available)
  custom_lint_core 0.7.5 (0.8.2 available)
  custom_lint_visitor 1.0.0+7.7.0 (1.0.0+9.0.0 available)
  dart_style 3.1.1 (3.1.5 available)
  file_picker 8.3.7 (10.3.10 available)
  flutter_riverpod 2.6.1 (3.2.1 available)
  flutter_secure_storage 9.2.4 (10.0.0 available)
  flutter_secure_storage_linux 1.2.3 (3.0.0 available)
  flutter_secure_storage_macos 3.1.3 (4.0.0 available)
  flutter_secure_storage_platform_interface 1.1.2 (2.0.1 available)
  flutter_secure_storage_web 1.2.1 (2.1.0 available)
  flutter_secure_storage_windows 3.1.2 (4.1.0 available)
  freezed 2.5.8 (3.2.5 available)
  freezed_annotation 2.4.4 (3.1.0 available)
  go_router 14.8.1 (17.1.0 available)
  js 0.6.7 (0.7.2 available)
  json_annotation 4.9.0 (4.10.0 available)
  json_serializable 6.9.5 (6.12.0 available)
  matcher 0.12.17 (0.12.18 available)
  material_color_utilities 0.11.1 (0.13.0 available)
  meta 1.17.0 (1.18.1 available)
  riverpod 2.6.1 (3.2.1 available)
  riverpod_analyzer_utils 0.5.9 (0.5.10 available)
  riverpod_annotation 2.6.1 (4.0.2 available)
  riverpod_generator 2.6.4 (4.0.3 available)
  source_gen 2.0.0 (4.2.0 available)
  source_helper 1.3.7 (1.3.10 available)
  test_api 0.7.7 (0.7.9 available)
Got dependencies!
36 packages have newer versions incompatible with dependency constraints.
Try `flutter pub outdated` for more information.
00:00 +0: loading C:/DK/GMA/frontend/.auto-claude/worktrees/tasks/012-workspace-integration-e2e-pdf-note-linking-verifi/frontend/test/e2e/create_marker_flow_test.dart
00:00 +0: C:/DK/GMA/frontend/.auto-claude/worktrees/tasks/012-workspace-integration-e2e-pdf-note-linking-verifi/frontend/test/e2e/create_marker_flow_test.dart: E2E: Create Marker Flow Load PDF -> Select text -> Choose red color -> Marker appears in note
00:00 +1: C:/DK/GMA/frontend/.auto-claude/worktrees/tasks/012-workspace-integration-e2e-pdf-note-linking-verifi/frontend/test/e2e/navigate_via_marker_flow_test.dart: E2E: Navigate via Marker Flow Open note with red marker -> Click marker -> Navigation callback triggered
00:00 +2: C:/DK/GMA/frontend/.auto-claude/worktrees/tasks/012-workspace-integration-e2e-pdf-note-linking-verifi/frontend/test/e2e/navigate_via_marker_flow_test.dart: E2E: Navigate via Marker Flow Open note with red marker -> Click marker -> Navigation callback triggered
00:00 +3: C:/DK/GMA/frontend/.auto-claude/worktrees/tasks/012-workspace-integration-e2e-pdf-note-linking-verifi/frontend/test/e2e/navigate_via_marker_flow_test.dart: E2E: Navigate via Marker Flow Open note with red marker -> Click marker -> Navigation callback triggered
00:00 +4: C:/DK/GMA/frontend/.auto-claude/worktrees/tasks/012-workspace-integration-e2e-pdf-note-linking-verifi/frontend/test/e2e/navigate_via_marker_flow_test.dart: E2E: Navigate via Marker Flow Open note with red marker -> Click marker -> Navigation callback triggered
00:00 +5: C:/DK/GMA/frontend/.auto-claude/worktrees/tasks/012-workspace-integration-e2e-pdf-note-linking-verifi/frontend/test/e2e/navigate_via_marker_flow_test.dart: E2E: Navigate via Marker Flow Open note with red marker -> Click marker -> Navigation callback triggered
00:00 +6: C:/DK/GMA/frontend/.auto-claude/worktrees/tasks/012-workspace-integration-e2e-pdf-note-linking-verifi/frontend/test/e2e/navigate_via_marker_flow_test.dart: E2E: Navigate via Marker Flow Open note with red marker -> Click marker -> Navigation callback triggered
00:00 +7: C:/DK/GMA/frontend/.auto-claude/worktrees/tasks/012-workspace-integration-e2e-pdf-note-linking-verifi/frontend/test/e2e/navigate_via_marker_flow_test.dart: E2E: Navigate via Marker Flow Open note with red marker -> Click marker -> Navigation callback triggered
00:00 +8: C:/DK/GMA/frontend/.auto-claude/worktrees/tasks/012-workspace-integration-e2e-pdf-note-linking-verifi/frontend/test/e2e/navigate_via_marker_flow_test.dart: E2E: Navigate via Marker Flow Open note with red marker -> Click marker -> Navigation callback triggered
00:00 +9: C:/DK/GMA/frontend/.auto-claude/worktrees/tasks/012-workspace-integration-e2e-pdf-note-linking-verifi/frontend/test/e2e/navigate_via_marker_flow_test.dart: E2E: Navigate via Marker Flow Open note with red marker -> Click marker -> Navigation callback triggered
00:00 +10: C:/DK/GMA/frontend/.auto-claude/worktrees/tasks/012-workspace-integration-e2e-pdf-note-linking-verifi/frontend/test/features/file_manager/file_manager_integration_test.dart: File Manager Widget Tests NoteListItem renders correctly
00:00 +11: C:/DK/GMA/frontend/.auto-claude/worktrees/tasks/012-workspace-integration-e2e-pdf-note-linking-verifi/frontend/test/features/file_manager/file_manager_integration_test.dart: File Manager Widget Tests NoteListItem renders correctly
00:00 +12: C:/DK/GMA/frontend/.auto-claude/worktrees/tasks/012-workspace-integration-e2e-pdf-note-linking-verifi/frontend/test/features/file_manager/file_manager_integration_test.dart: File Manager Widget Tests NoteListItem renders correctly
00:00 +13: C:/DK/GMA/frontend/.auto-claude/worktrees/tasks/012-workspace-integration-e2e-pdf-note-linking-verifi/frontend/test/features/file_manager/file_manager_integration_test.dart: File Manager Widget Tests NoteListItem renders correctly
00:00 +14: C:/DK/GMA/frontend/.auto-claude/worktrees/tasks/012-workspace-integration-e2e-pdf-note-linking-verifi/frontend/test/features/file_manager/file_manager_integration_test.dart: File Manager Widget Tests NoteListItem renders correctly
00:00 +15: C:/DK/GMA/frontend/.auto-claude/worktrees/tasks/012-workspace-integration-e2e-pdf-note-linking-verifi/frontend/test/features/file_manager/file_manager_integration_test.dart: File Manager Widget Tests NoteListItem renders correctly
00:00 +16: C:/DK/GMA/frontend/.auto-claude/worktrees/tasks/012-workspace-integration-e2e-pdf-note-linking-verifi/frontend/test/features/file_manager/file_manager_integration_test.dart: File Manager Widget Tests NoteListItem renders correctly
00:01 +17: C:/DK/GMA/frontend/.auto-claude/worktrees/tasks/012-workspace-integration-e2e-pdf-note-linking-verifi/frontend/test/features/file_manager/file_manager_integration_test.dart: File Manager Widget Tests NoteListItem renders correctly
00:01 +18: C:/DK/GMA/frontend/.auto-claude/worktrees/tasks/012-workspace-integration-e2e-pdf-note-linking-verifi/frontend/test/features/file_manager/file_manager_integration_test.dart: File Manager Widget Tests NoteListItem renders correctly
00:01 +19: C:/DK/GMA/frontend/.auto-claude/worktrees/tasks/012-workspace-integration-e2e-pdf-note-linking-verifi/frontend/test/features/file_manager/file_manager_integration_test.dart: File Manager Widget Tests NoteListItem renders correctly
00:01 +20: C:/DK/GMA/frontend/.auto-claude/worktrees/tasks/012-workspace-integration-e2e-pdf-note-linking-verifi/frontend/test/features/file_manager/file_manager_integration_test.dart: File Manager Widget Tests NoteListItem renders correctly
00:01 +21: C:/DK/GMA/frontend/.auto-claude/worktrees/tasks/012-workspace-integration-e2e-pdf-note-linking-verifi/frontend/test/features/file_manager/file_manager_integration_test.dart: File Manager Widget Tests NoteListItem renders correctly
00:01 +22: C:/DK/GMA/frontend/.auto-claude/worktrees/tasks/012-workspace-integration-e2e-pdf-note-linking-verifi/frontend/test/features/file_manager/file_manager_integration_test.dart: File Manager Widget Tests NoteListItem renders correctly
00:01 +23: C:/DK/GMA/frontend/.auto-claude/worktrees/tasks/012-workspace-integration-e2e-pdf-note-linking-verifi/frontend/test/features/file_manager/file_manager_integration_test.dart: File Manager Widget Tests NoteListItem renders correctly
00:01 +24: C:/DK/GMA/frontend/.auto-claude/worktrees/tasks/012-workspace-integration-e2e-pdf-note-linking-verifi/frontend/test/features/file_manager/file_manager_integration_test.dart: File Manager Widget Tests NoteListItem renders correctly
00:01 +25: C:/DK/GMA/frontend/.auto-claude/worktrees/tasks/012-workspace-integration-e2e-pdf-note-linking-verifi/frontend/test/features/file_manager/file_manager_integration_test.dart: File Manager Widget Tests NoteListItem renders correctly
00:01 +26: C:/DK/GMA/frontend/.auto-claude/worktrees/tasks/012-workspace-integration-e2e-pdf-note-linking-verifi/frontend/test/features/file_manager/file_manager_integration_test.dart: File Manager Widget Tests NoteListItem renders correctly
00:01 +27: C:/DK/GMA/frontend/.auto-claude/worktrees/tasks/012-workspace-integration-e2e-pdf-note-linking-verifi/frontend/test/features/file_manager/file_manager_integration_test.dart: File Manager Widget Tests NoteListItem renders correctly
00:01 +28: C:/DK/GMA/frontend/.auto-claude/worktrees/tasks/012-workspace-integration-e2e-pdf-note-linking-verifi/frontend/test/features/file_manager/file_manager_integration_test.dart: File Manager Widget Tests NoteListItem renders correctly
00:01 +29: C:/DK/GMA/frontend/.auto-claude/worktrees/tasks/012-workspace-integration-e2e-pdf-note-linking-verifi/frontend/test/features/file_manager/file_manager_integration_test.dart: File Manager Widget Tests NoteListItem renders correctly
00:01 +30: C:/DK/GMA/frontend/.auto-claude/worktrees/tasks/012-workspace-integration-e2e-pdf-note-linking-verifi/frontend/test/features/file_manager/file_manager_integration_test.dart: File Manager Widget Tests NoteListItem renders correctly
00:01 +31: C:/DK/GMA/frontend/.auto-claude/worktrees/tasks/012-workspace-integration-e2e-pdf-note-linking-verifi/frontend/test/features/file_manager/file_manager_integration_test.dart: File Manager Widget Tests NoteListItem renders correctly
00:01 +32: C:/DK/GMA/frontend/.auto-claude/worktrees/tasks/012-workspace-integration-e2e-pdf-note-linking-verifi/frontend/test/features/file_manager/file_manager_integration_test.dart: File Manager Widget Tests NoteListItem renders correctly
00:01 +33: C:/DK/GMA/frontend/.auto-claude/worktrees/tasks/012-workspace-integration-e2e-pdf-note-linking-verifi/frontend/test/features/file_manager/file_manager_integration_test.dart: File Manager Widget Tests NoteListItem renders correctly
00:01 +34: C:/DK/GMA/frontend/.auto-claude/worktrees/tasks/012-workspace-integration-e2e-pdf-note-linking-verifi/frontend/test/features/file_manager/file_manager_integration_test.dart: File Manager Widget Tests NoteListItem renders correctly
00:01 +35: C:/DK/GMA/frontend/.auto-claude/worktrees/tasks/012-workspace-integration-e2e-pdf-note-linking-verifi/frontend/test/features/file_manager/file_manager_integration_test.dart: File Manager Widget Tests NoteListItem renders correctly
00:01 +36: C:/DK/GMA/frontend/.auto-claude/worktrees/tasks/012-workspace-integration-e2e-pdf-note-linking-verifi/frontend/test/features/file_manager/file_manager_integration_test.dart: File Manager Widget Tests NoteListItem renders correctly
00:01 +37: C:/DK/GMA/frontend/.auto-claude/worktrees/tasks/012-workspace-integration-e2e-pdf-note-linking-verifi/frontend/test/features/file_manager/file_manager_integration_test.dart: File Manager Widget Tests NoteListItem renders correctly
00:01 +38: C:/DK/GMA/frontend/.auto-claude/worktrees/tasks/012-workspace-integration-e2e-pdf-note-linking-verifi/frontend/test/features/file_manager/file_manager_integration_test.dart: File Manager Widget Tests NoteListItem renders correctly
00:01 +39: C:/DK/GMA/frontend/.auto-claude/worktrees/tasks/012-workspace-integration-e2e-pdf-note-linking-verifi/frontend/test/features/file_manager/file_manager_integration_test.dart: File Manager Widget Tests NoteListItem renders correctly
00:01 +40: C:/DK/GMA/frontend/.auto-claude/worktrees/tasks/012-workspace-integration-e2e-pdf-note-linking-verifi/frontend/test/features/file_manager/file_manager_integration_test.dart: File Manager Widget Tests NoteListItem renders correctly
00:01 +41: C:/DK/GMA/frontend/.auto-claude/worktrees/tasks/012-workspace-integration-e2e-pdf-note-linking-verifi/frontend/test/features/file_manager/file_manager_integration_test.dart: File Manager Widget Tests NoteListItem renders correctly
00:01 +42: C:/DK/GMA/frontend/.auto-claude/worktrees/tasks/012-workspace-integration-e2e-pdf-note-linking-verifi/frontend/test/features/file_manager/file_manager_integration_test.dart: File Manager Widget Tests NoteListItem renders correctly
00:01 +43: C:/DK/GMA/frontend/.auto-claude/worktrees/tasks/012-workspace-integration-e2e-pdf-note-linking-verifi/frontend/test/features/file_manager/file_manager_integration_test.dart: File Manager Widget Tests NoteListItem renders correctly
00:01 +44: C:/DK/GMA/frontend/.auto-claude/worktrees/tasks/012-workspace-integration-e2e-pdf-note-linking-verifi/frontend/test/features/file_manager/file_manager_integration_test.dart: File Manager Widget Tests NoteListItem renders correctly
00:01 +45: C:/DK/GMA/frontend/.auto-claude/worktrees/tasks/012-workspace-integration-e2e-pdf-note-linking-verifi/frontend/test/features/file_manager/file_manager_integration_test.dart: File Manager Widget Tests NoteListItem renders correctly
00:01 +46: C:/DK/GMA/frontend/.auto-claude/worktrees/tasks/012-workspace-integration-e2e-pdf-note-linking-verifi/frontend/test/features/file_manager/file_manager_integration_test.dart: File Manager Widget Tests NoteListItem renders correctly
00:01 +47: C:/DK/GMA/frontend/.auto-claude/worktrees/tasks/012-workspace-integration-e2e-pdf-note-linking-verifi/frontend/test/features/file_manager/file_manager_integration_test.dart: File Manager Widget Tests NoteListItem renders correctly
00:01 +48: C:/DK/GMA/frontend/.auto-claude/worktrees/tasks/012-workspace-integration-e2e-pdf-note-linking-verifi/frontend/test/features/file_manager/file_manager_integration_test.dart: File Manager Widget Tests NoteListItem renders correctly
00:01 +49: C:/DK/GMA/frontend/.auto-claude/worktrees/tasks/012-workspace-integration-e2e-pdf-note-linking-verifi/frontend/test/features/file_manager/file_manager_integration_test.dart: File Manager Widget Tests NoteListItem renders correctly
00:01 +50: C:/DK/GMA/frontend/.auto-claude/worktrees/tasks/012-workspace-integration-e2e-pdf-note-linking-verifi/frontend/test/features/file_manager/file_manager_integration_test.dart: File Manager Widget Tests NoteListItem renders correctly
00:01 +51: C:/DK/GMA/frontend/.auto-claude/worktrees/tasks/012-workspace-integration-e2e-pdf-note-linking-verifi/frontend/test/features/file_manager/file_manager_integration_test.dart: File Manager Widget Tests NoteListItem renders correctly
00:01 +52: C:/DK/GMA/frontend/.auto-claude/worktrees/tasks/012-workspace-integration-e2e-pdf-note-linking-verifi/frontend/test/features/file_manager/file_manager_integration_test.dart: File Manager Widget Tests NoteListItem renders correctly
00:01 +53: C:/DK/GMA/frontend/.auto-claude/worktrees/tasks/012-workspace-integration-e2e-pdf-note-linking-verifi/frontend/test/features/file_manager/file_manager_integration_test.dart: File Manager Widget Tests NoteListItem renders correctly
00:01 +54: C:/DK/GMA/frontend/.auto-claude/worktrees/tasks/012-workspace-integration-e2e-pdf-note-linking-verifi/frontend/test/features/file_manager/file_manager_integration_test.dart: File Manager Widget Tests NoteListItem renders correctly
00:01 +55: C:/DK/GMA/frontend/.auto-claude/worktrees/tasks/012-workspace-integration-e2e-pdf-note-linking-verifi/frontend/test/features/file_manager/file_manager_integration_test.dart: File Manager Widget Tests NoteListItem renders correctly
00:01 +56: C:/DK/GMA/frontend/.auto-claude/worktrees/tasks/012-workspace-integration-e2e-pdf-note-linking-verifi/frontend/test/features/file_manager/file_manager_integration_test.dart: File Manager Widget Tests NoteListItem renders correctly
00:01 +57: C:/DK/GMA/frontend/.auto-claude/worktrees/tasks/012-workspace-integration-e2e-pdf-note-linking-verifi/frontend/test/features/file_manager/file_manager_integration_test.dart: File Manager Widget Tests NoteListItem renders correctly
00:01 +58: C:/DK/GMA/frontend/.auto-claude/worktrees/tasks/012-workspace-integration-e2e-pdf-note-linking-verifi/frontend/test/features/file_manager/file_manager_integration_test.dart: File Manager Widget Tests NoteListItem renders correctly
00:01 +59: C:/DK/GMA/frontend/.auto-claude/worktrees/tasks/012-workspace-integration-e2e-pdf-note-linking-verifi/frontend/test/features/file_manager/file_manager_integration_test.dart: File Manager Widget Tests NoteListItem renders correctly
00:01 +60: C:/DK/GMA/frontend/.auto-claude/worktrees/tasks/012-workspace-integration-e2e-pdf-note-linking-verifi/frontend/test/features/file_manager/file_manager_integration_test.dart: File Manager Widget Tests NoteListItem renders correctly
00:01 +61: C:/DK/GMA/frontend/.auto-claude/worktrees/tasks/012-workspace-integration-e2e-pdf-note-linking-verifi/frontend/test/features/file_manager/file_manager_integration_test.dart: File Manager Widget Tests NoteListItem renders correctly
00:01 +62: C:/DK/GMA/frontend/.auto-claude/worktrees/tasks/012-workspace-integration-e2e-pdf-note-linking-verifi/frontend/test/features/file_manager/file_manager_integration_test.dart: File Manager Widget Tests NoteListItem renders correctly
00:01 +63: C:/DK/GMA/frontend/.auto-claude/worktrees/tasks/012-workspace-integration-e2e-pdf-note-linking-verifi/frontend/test/features/file_manager/file_manager_integration_test.dart: File Manager Widget Tests NoteListItem renders correctly
00:01 +64: C:/DK/GMA/frontend/.auto-claude/worktrees/tasks/012-workspace-integration-e2e-pdf-note-linking-verifi/frontend/test/features/file_manager/file_manager_integration_test.dart: File Manager Widget Tests NoteListItem renders correctly
00:01 +65: C:/DK/GMA/frontend/.auto-claude/worktrees/tasks/012-workspace-integration-e2e-pdf-note-linking-verifi/frontend/test/features/file_manager/file_manager_integration_test.dart: File Manager Widget Tests NoteListItem renders correctly
00:01 +66: C:/DK/GMA/frontend/.auto-claude/worktrees/tasks/012-workspace-integration-e2e-pdf-note-linking-verifi/frontend/test/features/file_manager/file_manager_integration_test.dart: File Manager Widget Tests NoteListItem renders correctly
00:01 +67: C:/DK/GMA/frontend/.auto-claude/worktrees/tasks/012-workspace-integration-e2e-pdf-note-linking-verifi/frontend/test/features/file_manager/file_manager_integration_test.dart: File Manager Widget Tests NoteListItem renders correctly
00:01 +68: C:/DK/GMA/frontend/.auto-claude/worktrees/tasks/012-workspace-integration-e2e-pdf-note-linking-verifi/frontend/test/features/file_manager/file_manager_integration_test.dart: File Manager Widget Tests NoteListItem renders correctly
00:01 +69: C:/DK/GMA/frontend/.auto-claude/worktrees/tasks/012-workspace-integration-e2e-pdf-note-linking-verifi/frontend/test/features/file_manager/file_manager_integration_test.dart: File Manager Widget Tests NoteListItem renders correctly
00:01 +70: C:/DK/GMA/frontend/.auto-claude/worktrees/tasks/012-workspace-integration-e2e-pdf-note-linking-verifi/frontend/test/features/file_manager/file_manager_integration_test.dart: File Manager Widget Tests NoteListItem renders correctly
00:01 +71: C:/DK/GMA/frontend/.auto-claude/worktrees/tasks/012-workspace-integration-e2e-pdf-note-linking-verifi/frontend/test/features/file_manager/file_manager_integration_test.dart: File Manager Widget Tests NoteListItem renders correctly
00:01 +72: C:/DK/GMA/frontend/.auto-claude/worktrees/tasks/012-workspace-integration-e2e-pdf-note-linking-verifi/frontend/test/features/file_manager/file_manager_integration_test.dart: File Manager Widget Tests NoteListItem renders correctly
00:01 +73: C:/DK/GMA/frontend/.auto-claude/worktrees/tasks/012-workspace-integration-e2e-pdf-note-linking-verifi/frontend/test/features/file_manager/file_manager_integration_test.dart: File Manager Widget Tests NoteListItem renders correctly
00:01 +74: C:/DK/GMA/frontend/.auto-claude/worktrees/tasks/012-workspace-integration-e2e-pdf-note-linking-verifi/frontend/test/features/file_manager/file_manager_integration_test.dart: File Manager Widget Tests NoteListItem renders correctly
00:01 +75: C:/DK/GMA/frontend/.auto-claude/worktrees/tasks/012-workspace-integration-e2e-pdf-note-linking-verifi/frontend/test/features/file_manager/file_manager_integration_test.dart: File Manager Widget Tests NoteListItem renders correctly
00:01 +76: C:/DK/GMA/frontend/.auto-claude/worktrees/tasks/012-workspace-integration-e2e-pdf-note-linking-verifi/frontend/test/features/file_manager/file_manager_integration_test.dart: File Manager Widget Tests NoteListItem renders correctly
00:01 +77: C:/DK/GMA/frontend/.auto-claude/worktrees/tasks/012-workspace-integration-e2e-pdf-note-linking-verifi/frontend/test/features/file_manager/file_manager_integration_test.dart: File Manager Widget Tests NoteListItem renders correctly
00:01 +78: C:/DK/GMA/frontend/.auto-claude/worktrees/tasks/012-workspace-integration-e2e-pdf-note-linking-verifi/frontend/test/features/file_manager/file_manager_integration_test.dart: File Manager Widget Tests NoteListItem renders correctly
00:01 +79: C:/DK/GMA/frontend/.auto-claude/worktrees/tasks/012-workspace-integration-e2e-pdf-note-linking-verifi/frontend/test/features/file_manager/file_manager_integration_test.dart: File Manager Widget Tests NoteListItem renders correctly
00:01 +80: C:/DK/GMA/frontend/.auto-claude/worktrees/tasks/012-workspace-integration-e2e-pdf-note-linking-verifi/frontend/test/features/file_manager/file_manager_integration_test.dart: File Manager Widget Tests NoteListItem renders correctly
00:01 +81: C:/DK/GMA/frontend/.auto-claude/worktrees/tasks/012-workspace-integration-e2e-pdf-note-linking-verifi/frontend/test/features/file_manager/file_manager_integration_test.dart: File Manager Widget Tests NoteListItem renders correctly
00:01 +82: C:/DK/GMA/frontend/.auto-claude/worktrees/tasks/012-workspace-integration-e2e-pdf-note-linking-verifi/frontend/test/features/file_manager/file_manager_integration_test.dart: File Manager Widget Tests NoteListItem renders correctly
00:01 +83: C:/DK/GMA/frontend/.auto-claude/worktrees/tasks/012-workspace-integration-e2e-pdf-note-linking-verifi/frontend/test/features/file_manager/file_manager_integration_test.dart: File Manager Widget Tests NoteListItem renders correctly
00:01 +84: C:/DK/GMA/frontend/.auto-claude/worktrees/tasks/012-workspace-integration-e2e-pdf-note-linking-verifi/frontend/test/features/file_manager/file_manager_integration_test.dart: File Manager Widget Tests NoteListItem renders correctly
00:01 +85: C:/DK/GMA/frontend/.auto-claude/worktrees/tasks/012-workspace-integration-e2e-pdf-note-linking-verifi/frontend/test/features/file_manager/file_manager_integration_test.dart: File Manager Widget Tests NoteListItem renders correctly
00:01 +86: C:/DK/GMA/frontend/.auto-claude/worktrees/tasks/012-workspace-integration-e2e-pdf-note-linking-verifi/frontend/test/features/file_manager/file_manager_integration_test.dart: File Manager Widget Tests NoteListItem renders correctly
00:01 +87: C:/DK/GMA/frontend/.auto-claude/worktrees/tasks/012-workspace-integration-e2e-pdf-note-linking-verifi/frontend/test/features/file_manager/file_manager_integration_test.dart: File Manager Widget Tests NoteListItem renders correctly
00:01 +88: C:/DK/GMA/frontend/.auto-claude/worktrees/tasks/012-workspace-integration-e2e-pdf-note-linking-verifi/frontend/test/features/file_manager/file_manager_integration_test.dart: File Manager Widget Tests NoteListItem renders correctly
00:01 +89: C:/DK/GMA/frontend/.auto-claude/worktrees/tasks/012-workspace-integration-e2e-pdf-note-linking-verifi/frontend/test/features/file_manager/file_manager_integration_test.dart: File Manager Widget Tests NoteListItem renders correctly
00:01 +90: C:/DK/GMA/frontend/.auto-claude/worktrees/tasks/012-workspace-integration-e2e-pdf-note-linking-verifi/frontend/test/features/file_manager/file_manager_integration_test.dart: File Manager Widget Tests NoteListItem renders correctly
00:01 +91: C:/DK/GMA/frontend/.auto-claude/worktrees/tasks/012-workspace-integration-e2e-pdf-note-linking-verifi/frontend/test/features/file_manager/file_manager_integration_test.dart: File Manager Widget Tests NoteListItem renders correctly
00:01 +92: C:/DK/GMA/frontend/.auto-claude/worktrees/tasks/012-workspace-integration-e2e-pdf-note-linking-verifi/frontend/test/features/file_manager/file_manager_integration_test.dart: File Manager Widget Tests NoteListItem renders correctly
00:01 +93: C:/DK/GMA/frontend/.auto-claude/worktrees/tasks/012-workspace-integration-e2e-pdf-note-linking-verifi/frontend/test/features/file_manager/file_manager_integration_test.dart: File Manager Widget Tests NoteListItem renders correctly
00:01 +94: C:/DK/GMA/frontend/.auto-claude/worktrees/tasks/012-workspace-integration-e2e-pdf-note-linking-verifi/frontend/test/features/file_manager/file_manager_integration_test.dart: File Manager Widget Tests NoteListItem renders correctly
00:01 +95: C:/DK/GMA/frontend/.auto-claude/worktrees/tasks/012-workspace-integration-e2e-pdf-note-linking-verifi/frontend/test/features/file_manager/file_manager_integration_test.dart: File Manager Widget Tests NoteListItem renders correctly
00:01 +96: C:/DK/GMA/frontend/.auto-claude/worktrees/tasks/012-workspace-integration-e2e-pdf-note-linking-verifi/frontend/test/features/file_manager/file_manager_integration_test.dart: File Manager Widget Tests NoteListItem renders correctly
00:01 +97: C:/DK/GMA/frontend/.auto-claude/worktrees/tasks/012-workspace-integration-e2e-pdf-note-linking-verifi/frontend/test/features/file_manager/file_manager_integration_test.dart: File Manager Widget Tests NoteListItem renders correctly
00:01 +98: C:/DK/GMA/frontend/.auto-claude/worktrees/tasks/012-workspace-integration-e2e-pdf-note-linking-verifi/frontend/test/features/file_manager/file_manager_integration_test.dart: File Manager Widget Tests NoteListItem renders correctly
00:01 +99: C:/DK/GMA/frontend/.auto-claude/worktrees/tasks/012-workspace-integration-e2e-pdf-note-linking-verifi/frontend/test/features/file_manager/file_manager_integration_test.dart: File Manager Widget Tests NoteListItem renders correctly
00:01 +100: C:/DK/GMA/frontend/.auto-claude/worktrees/tasks/012-workspace-integration-e2e-pdf-note-linking-verifi/frontend/test/features/file_manager/file_manager_integration_test.dart: File Manager Widget Tests NoteListItem renders correctly
00:01 +101: C:/DK/GMA/frontend/.auto-claude/worktrees/tasks/012-workspace-integration-e2e-pdf-note-linking-verifi/frontend/test/features/file_manager/file_manager_integration_test.dart: File Manager Widget Tests NoteListItem renders correctly
00:01 +102: C:/DK/GMA/frontend/.auto-claude/worktrees/tasks/012-workspace-integration-e2e-pdf-note-linking-verifi/frontend/test/features/file_manager/file_manager_integration_test.dart: File Manager Widget Tests NoteListItem renders correctly
00:01 +103: C:/DK/GMA/frontend/.auto-claude/worktrees/tasks/012-workspace-integration-e2e-pdf-note-linking-verifi/frontend/test/features/file_manager/file_manager_integration_test.dart: File Manager Widget Tests NoteListItem renders correctly
00:01 +104: C:/DK/GMA/frontend/.auto-claude/worktrees/tasks/012-workspace-integration-e2e-pdf-note-linking-verifi/frontend/test/features/file_manager/file_manager_integration_test.dart: File Manager Widget Tests NoteListItem renders correctly
00:01 +105: C:/DK/GMA/frontend/.auto-claude/worktrees/tasks/012-workspace-integration-e2e-pdf-note-linking-verifi/frontend/test/features/file_manager/file_manager_integration_test.dart: File Manager Widget Tests NoteListItem renders correctly
00:01 +106: C:/DK/GMA/frontend/.auto-claude/worktrees/tasks/012-workspace-integration-e2e-pdf-note-linking-verifi/frontend/test/features/file_manager/file_manager_integration_test.dart: File Manager Widget Tests NoteListItem renders correctly
00:01 +107: C:/DK/GMA/frontend/.auto-claude/worktrees/tasks/012-workspace-integration-e2e-pdf-note-linking-verifi/frontend/test/features/file_manager/file_manager_integration_test.dart: File Manager Widget Tests NoteListItem renders correctly
00:01 +108: C:/DK/GMA/frontend/.auto-claude/worktrees/tasks/012-workspace-integration-e2e-pdf-note-linking-verifi/frontend/test/features/file_manager/file_manager_integration_test.dart: File Manager Widget Tests NoteListItem renders correctly
00:01 +109: C:/DK/GMA/frontend/.auto-claude/worktrees/tasks/012-workspace-integration-e2e-pdf-note-linking-verifi/frontend/test/features/file_manager/file_manager_integration_test.dart: File Manager Widget Tests NoteListItem renders correctly
00:01 +110: C:/DK/GMA/frontend/.auto-claude/worktrees/tasks/012-workspace-integration-e2e-pdf-note-linking-verifi/frontend/test/features/file_manager/file_manager_integration_test.dart: File Manager Widget Tests NoteListItem renders correctly
00:01 +111: C:/DK/GMA/frontend/.auto-claude/worktrees/tasks/012-workspace-integration-e2e-pdf-note-linking-verifi/frontend/test/features/file_manager/file_manager_integration_test.dart: File Manager Widget Tests NoteListItem renders correctly
00:01 +112: C:/DK/GMA/frontend/.auto-claude/worktrees/tasks/012-workspace-integration-e2e-pdf-note-linking-verifi/frontend/test/features/file_manager/file_manager_integration_test.dart: File Manager Widget Tests NoteListItem renders correctly
00:01 +113: C:/DK/GMA/frontend/.auto-claude/worktrees/tasks/012-workspace-integration-e2e-pdf-note-linking-verifi/frontend/test/features/file_manager/file_manager_integration_test.dart: File Manager Widget Tests NoteListItem renders correctly
00:01 +114: C:/DK/GMA/frontend/.auto-claude/worktrees/tasks/012-workspace-integration-e2e-pdf-note-linking-verifi/frontend/test/features/file_manager/file_manager_integration_test.dart: File Manager Widget Tests NoteListItem renders correctly
00:01 +115: C:/DK/GMA/frontend/.auto-claude/worktrees/tasks/012-workspace-integration-e2e-pdf-note-linking-verifi/frontend/test/features/file_manager/file_manager_integration_test.dart: File Manager Widget Tests NoteListItem renders correctly
00:01 +116: C:/DK/GMA/frontend/.auto-claude/worktrees/tasks/012-workspace-integration-e2e-pdf-note-linking-verifi/frontend/test/features/file_manager/file_manager_integration_test.dart: File Manager Widget Tests NoteListItem renders correctly
00:01 +117: C:/DK/GMA/frontend/.auto-claude/worktrees/tasks/012-workspace-integration-e2e-pdf-note-linking-verifi/frontend/test/features/file_manager/file_manager_integration_test.dart: File Manager Widget Tests NoteListItem renders correctly
00:01 +118: C:/DK/GMA/frontend/.auto-claude/worktrees/tasks/012-workspace-integration-e2e-pdf-note-linking-verifi/frontend/test/features/file_manager/file_manager_integration_test.dart: File Manager Widget Tests NoteListItem renders correctly
00:01 +119: C:/DK/GMA/frontend/.auto-claude/worktrees/tasks/012-workspace-integration-e2e-pdf-note-linking-verifi/frontend/test/features/file_manager/file_manager_integration_test.dart: File Manager Widget Tests NoteListItem renders correctly
00:01 +120: C:/DK/GMA/frontend/.auto-claude/worktrees/tasks/012-workspace-integration-e2e-pdf-note-linking-verifi/frontend/test/features/file_manager/file_manager_integration_test.dart: File Manager Widget Tests NoteListItem renders correctly
00:01 +121: C:/DK/GMA/frontend/.auto-claude/worktrees/tasks/012-workspace-integration-e2e-pdf-note-linking-verifi/frontend/test/features/file_manager/file_manager_integration_test.dart: File Manager Widget Tests NoteListItem renders correctly
00:01 +122: C:/DK/GMA/frontend/.auto-claude/worktrees/tasks/012-workspace-integration-e2e-pdf-note-linking-verifi/frontend/test/features/file_manager/file_manager_integration_test.dart: File Manager Widget Tests NoteListItem renders correctly
00:01 +123: C:/DK/GMA/frontend/.auto-claude/worktrees/tasks/012-workspace-integration-e2e-pdf-note-linking-verifi/frontend/test/features/file_manager/file_manager_integration_test.dart: File Manager Widget Tests NoteListItem renders correctly
00:01 +124: C:/DK/GMA/frontend/.auto-claude/worktrees/tasks/012-workspace-integration-e2e-pdf-note-linking-verifi/frontend/test/features/note_editor/widgets/marker_line_widget_test.dart: MarkerLineWidget Basic Rendering renders with red marker color
00:01 +125: C:/DK/GMA/frontend/.auto-claude/worktrees/tasks/012-workspace-integration-e2e-pdf-note-linking-verifi/frontend/test/features/note_editor/widgets/marker_line_widget_test.dart: MarkerLineWidget Basic Rendering renders with red marker color
00:01 +126: C:/DK/GMA/frontend/.auto-claude/worktrees/tasks/012-workspace-integration-e2e-pdf-note-linking-verifi/frontend/test/features/note_editor/widgets/marker_line_widget_test.dart: MarkerLineWidget Basic Rendering renders with red marker color
00:01 +127: C:/DK/GMA/frontend/.auto-claude/worktrees/tasks/012-workspace-integration-e2e-pdf-note-linking-verifi/frontend/test/features/note_editor/widgets/marker_line_widget_test.dart: MarkerLineWidget Basic Rendering renders with red marker color
00:01 +128: C:/DK/GMA/frontend/.auto-claude/worktrees/tasks/012-workspace-integration-e2e-pdf-note-linking-verifi/frontend/test/features/note_editor/widgets/marker_line_widget_test.dart: MarkerLineWidget Basic Rendering renders with red marker color
00:01 +129: C:/DK/GMA/frontend/.auto-claude/worktrees/tasks/012-workspace-integration-e2e-pdf-note-linking-verifi/frontend/test/features/note_editor/widgets/marker_line_widget_test.dart: MarkerLineWidget Basic Rendering renders with red marker color
00:01 +130: C:/DK/GMA/frontend/.auto-claude/worktrees/tasks/012-workspace-integration-e2e-pdf-note-linking-verifi/frontend/test/features/note_editor/widgets/marker_line_widget_test.dart: MarkerLineWidget Basic Rendering renders with red marker color
00:01 +131: C:/DK/GMA/frontend/.auto-claude/worktrees/tasks/012-workspace-integration-e2e-pdf-note-linking-verifi/frontend/test/features/note_editor/widgets/marker_line_widget_test.dart: MarkerLineWidget Basic Rendering renders with red marker color
00:01 +132: C:/DK/GMA/frontend/.auto-claude/worktrees/tasks/012-workspace-integration-e2e-pdf-note-linking-verifi/frontend/test/features/note_editor/widgets/marker_line_widget_test.dart: MarkerLineWidget Basic Rendering renders with red marker color
00:01 +133: C:/DK/GMA/frontend/.auto-claude/worktrees/tasks/012-workspace-integration-e2e-pdf-note-linking-verifi/frontend/test/features/note_editor/widgets/marker_line_widget_test.dart: MarkerLineWidget Basic Rendering renders with red marker color
00:01 +134: C:/DK/GMA/frontend/.auto-claude/worktrees/tasks/012-workspace-integration-e2e-pdf-note-linking-verifi/frontend/test/features/note_editor/widgets/marker_line_widget_test.dart: MarkerLineWidget Basic Rendering renders with red marker color
00:01 +135: C:/DK/GMA/frontend/.auto-claude/worktrees/tasks/012-workspace-integration-e2e-pdf-note-linking-verifi/frontend/test/features/note_editor/widgets/marker_line_widget_test.dart: MarkerLineWidget Basic Rendering renders with red marker color
00:01 +136: C:/DK/GMA/frontend/.auto-claude/worktrees/tasks/012-workspace-integration-e2e-pdf-note-linking-verifi/frontend/test/features/note_editor/widgets/marker_line_widget_test.dart: MarkerLineWidget Basic Rendering renders with red marker color
00:01 +137: C:/DK/GMA/frontend/.auto-claude/worktrees/tasks/012-workspace-integration-e2e-pdf-note-linking-verifi/frontend/test/features/note_editor/widgets/marker_line_widget_test.dart: MarkerLineWidget Basic Rendering renders with red marker color
00:01 +138: C:/DK/GMA/frontend/.auto-claude/worktrees/tasks/012-workspace-integration-e2e-pdf-note-linking-verifi/frontend/test/features/note_editor/widgets/marker_line_widget_test.dart: MarkerLineWidget Basic Rendering renders with red marker color
00:01 +139: C:/DK/GMA/frontend/.auto-claude/worktrees/tasks/012-workspace-integration-e2e-pdf-note-linking-verifi/frontend/test/features/note_editor/widgets/marker_line_widget_test.dart: MarkerLineWidget Basic Rendering renders with red marker color
00:01 +140: C:/DK/GMA/frontend/.auto-claude/worktrees/tasks/012-workspace-integration-e2e-pdf-note-linking-verifi/frontend/test/features/note_editor/widgets/marker_line_widget_test.dart: MarkerLineWidget Basic Rendering renders with red marker color
00:01 +141: C:/DK/GMA/frontend/.auto-claude/worktrees/tasks/012-workspace-integration-e2e-pdf-note-linking-verifi/frontend/test/features/note_editor/widgets/marker_line_widget_test.dart: MarkerLineWidget Basic Rendering renders with red marker color
00:01 +142: C:/DK/GMA/frontend/.auto-claude/worktrees/tasks/012-workspace-integration-e2e-pdf-note-linking-verifi/frontend/test/features/note_editor/widgets/marker_line_widget_test.dart: MarkerLineWidget Basic Rendering renders with red marker color
00:01 +143: C:/DK/GMA/frontend/.auto-claude/worktrees/tasks/012-workspace-integration-e2e-pdf-note-linking-verifi/frontend/test/features/note_editor/widgets/marker_line_widget_test.dart: MarkerLineWidget Basic Rendering renders with red marker color
00:01 +144: C:/DK/GMA/frontend/.auto-claude/worktrees/tasks/012-workspace-integration-e2e-pdf-note-linking-verifi/frontend/test/features/note_editor/widgets/marker_line_widget_test.dart: MarkerLineWidget Basic Rendering renders with red marker color
00:01 +145: C:/DK/GMA/frontend/.auto-claude/worktrees/tasks/012-workspace-integration-e2e-pdf-note-linking-verifi/frontend/test/features/note_editor/widgets/marker_line_widget_test.dart: MarkerLineWidget Basic Rendering renders with red marker color
00:01 +146: C:/DK/GMA/frontend/.auto-claude/worktrees/tasks/012-workspace-integration-e2e-pdf-note-linking-verifi/frontend/test/features/note_editor/widgets/marker_line_widget_test.dart: MarkerLineWidget Basic Rendering renders with red marker color
00:01 +147: C:/DK/GMA/frontend/.auto-claude/worktrees/tasks/012-workspace-integration-e2e-pdf-note-linking-verifi/frontend/test/features/note_editor/widgets/marker_line_widget_test.dart: MarkerLineWidget Basic Rendering renders with red marker color
00:01 +148: C:/DK/GMA/frontend/.auto-claude/worktrees/tasks/012-workspace-integration-e2e-pdf-note-linking-verifi/frontend/test/features/note_editor/widgets/marker_line_widget_test.dart: MarkerLineWidget Basic Rendering renders with red marker color
00:01 +149: C:/DK/GMA/frontend/.auto-claude/worktrees/tasks/012-workspace-integration-e2e-pdf-note-linking-verifi/frontend/test/features/note_editor/widgets/marker_line_widget_test.dart: MarkerLineWidget Basic Rendering renders with red marker color
00:01 +150: C:/DK/GMA/frontend/.auto-claude/worktrees/tasks/012-workspace-integration-e2e-pdf-note-linking-verifi/frontend/test/features/note_editor/widgets/marker_line_widget_test.dart: MarkerLineWidget Basic Rendering renders with red marker color
00:01 +151: C:/DK/GMA/frontend/.auto-claude/worktrees/tasks/012-workspace-integration-e2e-pdf-note-linking-verifi/frontend/test/features/note_editor/widgets/marker_line_widget_test.dart: MarkerLineWidget Basic Rendering renders with red marker color
00:01 +152: C:/DK/GMA/frontend/.auto-claude/worktrees/tasks/012-workspace-integration-e2e-pdf-note-linking-verifi/frontend/test/features/note_editor/widgets/marker_line_widget_test.dart: MarkerLineWidget Basic Rendering renders with red marker color
00:01 +153: C:/DK/GMA/frontend/.auto-claude/worktrees/tasks/012-workspace-integration-e2e-pdf-note-linking-verifi/frontend/test/features/note_editor/widgets/marker_line_widget_test.dart: MarkerLineWidget Basic Rendering renders with red marker color
00:01 +154: C:/DK/GMA/frontend/.auto-claude/worktrees/tasks/012-workspace-integration-e2e-pdf-note-linking-verifi/frontend/test/features/note_editor/widgets/marker_line_widget_test.dart: MarkerLineWidget Basic Rendering renders with red marker color
00:01 +155: C:/DK/GMA/frontend/.auto-claude/worktrees/tasks/012-workspace-integration-e2e-pdf-note-linking-verifi/frontend/test/features/note_editor/widgets/marker_line_widget_test.dart: MarkerLineWidget Basic Rendering renders with red marker color
00:01 +156: C:/DK/GMA/frontend/.auto-claude/worktrees/tasks/012-workspace-integration-e2e-pdf-note-linking-verifi/frontend/test/features/note_editor/widgets/marker_line_widget_test.dart: MarkerLineWidget Basic Rendering renders with red marker color
00:01 +157: C:/DK/GMA/frontend/.auto-claude/worktrees/tasks/012-workspace-integration-e2e-pdf-note-linking-verifi/frontend/test/features/note_editor/widgets/marker_line_widget_test.dart: MarkerLineWidget Basic Rendering renders with red marker color
00:01 +158: C:/DK/GMA/frontend/.auto-claude/worktrees/tasks/012-workspace-integration-e2e-pdf-note-linking-verifi/frontend/test/features/note_editor/widgets/marker_line_widget_test.dart: MarkerLineWidget Basic Rendering renders with red marker color
00:01 +159: C:/DK/GMA/frontend/.auto-claude/worktrees/tasks/012-workspace-integration-e2e-pdf-note-linking-verifi/frontend/test/features/note_editor/widgets/marker_line_widget_test.dart: MarkerLineWidget Basic Rendering renders with red marker color
00:01 +160: C:/DK/GMA/frontend/.auto-claude/worktrees/tasks/012-workspace-integration-e2e-pdf-note-linking-verifi/frontend/test/features/note_editor/widgets/marker_line_widget_test.dart: MarkerLineWidget Basic Rendering renders with red marker color
00:01 +161: C:/DK/GMA/frontend/.auto-claude/worktrees/tasks/012-workspace-integration-e2e-pdf-note-linking-verifi/frontend/test/features/note_editor/widgets/marker_line_widget_test.dart: MarkerLineWidget Basic Rendering renders with red marker color
00:01 +162: C:/DK/GMA/frontend/.auto-claude/worktrees/tasks/012-workspace-integration-e2e-pdf-note-linking-verifi/frontend/test/features/note_editor/widgets/marker_line_widget_test.dart: MarkerLineWidget Basic Rendering renders with red marker color
00:01 +163: C:/DK/GMA/frontend/.auto-claude/worktrees/tasks/012-workspace-integration-e2e-pdf-note-linking-verifi/frontend/test/features/note_editor/widgets/marker_line_widget_test.dart: MarkerLineWidget Basic Rendering renders with red marker color
00:01 +164: C:/DK/GMA/frontend/.auto-claude/worktrees/tasks/012-workspace-integration-e2e-pdf-note-linking-verifi/frontend/test/features/note_editor/widgets/marker_line_widget_test.dart: MarkerLineWidget Basic Rendering renders with red marker color
00:01 +165: C:/DK/GMA/frontend/.auto-claude/worktrees/tasks/012-workspace-integration-e2e-pdf-note-linking-verifi/frontend/test/features/note_editor/widgets/marker_line_widget_test.dart: MarkerLineWidget Basic Rendering renders with red marker color
00:01 +166: C:/DK/GMA/frontend/.auto-claude/worktrees/tasks/012-workspace-integration-e2e-pdf-note-linking-verifi/frontend/test/features/note_editor/widgets/marker_line_widget_test.dart: MarkerLineWidget Basic Rendering renders with red marker color
00:01 +167: C:/DK/GMA/frontend/.auto-claude/worktrees/tasks/012-workspace-integration-e2e-pdf-note-linking-verifi/frontend/test/features/note_editor/widgets/marker_line_widget_test.dart: MarkerLineWidget Basic Rendering renders with red marker color
00:01 +168: C:/DK/GMA/frontend/.auto-claude/worktrees/tasks/012-workspace-integration-e2e-pdf-note-linking-verifi/frontend/test/features/note_editor/widgets/marker_line_widget_test.dart: MarkerLineWidget Basic Rendering renders with red marker color
00:01 +169: C:/DK/GMA/frontend/.auto-claude/worktrees/tasks/012-workspace-integration-e2e-pdf-note-linking-verifi/frontend/test/features/note_editor/widgets/marker_line_widget_test.dart: MarkerLineWidget Basic Rendering renders with red marker color
00:01 +170: C:/DK/GMA/frontend/.auto-claude/worktrees/tasks/012-workspace-integration-e2e-pdf-note-linking-verifi/frontend/test/features/note_editor/widgets/marker_line_widget_test.dart: MarkerLineWidget Basic Rendering renders with red marker color
00:02 +171: C:/DK/GMA/frontend/.auto-claude/worktrees/tasks/012-workspace-integration-e2e-pdf-note-linking-verifi/frontend/test/features/note_editor/widgets/marker_line_widget_test.dart: MarkerLineWidget Basic Rendering renders with yellow marker color
00:02 +172: C:/DK/GMA/frontend/.auto-claude/worktrees/tasks/012-workspace-integration-e2e-pdf-note-linking-verifi/frontend/test/features/pdf_viewer/widgets/text_selection_toolbar_test.dart: PdfTextSelectionToolbar Basic Rendering renders all 5 marker color buttons
00:02 +173: C:/DK/GMA/frontend/.auto-claude/worktrees/tasks/012-workspace-integration-e2e-pdf-note-linking-verifi/frontend/test/features/pdf_viewer/widgets/text_selection_toolbar_test.dart: PdfTextSelectionToolbar Basic Rendering renders all 5 marker color buttons
00:02 +174: C:/DK/GMA/frontend/.auto-claude/worktrees/tasks/012-workspace-integration-e2e-pdf-note-linking-verifi/frontend/test/features/pdf_viewer/widgets/text_selection_toolbar_test.dart: PdfTextSelectionToolbar Basic Rendering renders all 5 marker color buttons
00:02 +175: C:/DK/GMA/frontend/.auto-claude/worktrees/tasks/012-workspace-integration-e2e-pdf-note-linking-verifi/frontend/test/features/pdf_viewer/widgets/text_selection_toolbar_test.dart: PdfTextSelectionToolbar Basic Rendering renders all 5 marker color buttons
00:02 +176: C:/DK/GMA/frontend/.auto-claude/worktrees/tasks/012-workspace-integration-e2e-pdf-note-linking-verifi/frontend/test/features/pdf_viewer/widgets/text_selection_toolbar_test.dart: PdfTextSelectionToolbar Basic Rendering renders all 5 marker color buttons
00:02 +177: C:/DK/GMA/frontend/.auto-claude/worktrees/tasks/012-workspace-integration-e2e-pdf-note-linking-verifi/frontend/test/features/pdf_viewer/widgets/text_selection_toolbar_test.dart: PdfTextSelectionToolbar Basic Rendering renders all 5 marker color buttons
00:02 +178: C:/DK/GMA/frontend/.auto-claude/worktrees/tasks/012-workspace-integration-e2e-pdf-note-linking-verifi/frontend/test/features/pdf_viewer/widgets/text_selection_toolbar_test.dart: PdfTextSelectionToolbar Basic Rendering renders all 5 marker color buttons
00:02 +179: C:/DK/GMA/frontend/.auto-claude/worktrees/tasks/012-workspace-integration-e2e-pdf-note-linking-verifi/frontend/test/features/pdf_viewer/widgets/text_selection_toolbar_test.dart: PdfTextSelectionToolbar Basic Rendering renders all 5 marker color buttons
00:02 +180: C:/DK/GMA/frontend/.auto-claude/worktrees/tasks/012-workspace-integration-e2e-pdf-note-linking-verifi/frontend/test/features/pdf_viewer/widgets/text_selection_toolbar_test.dart: PdfTextSelectionToolbar Basic Rendering renders all 5 marker color buttons
00:02 +181: C:/DK/GMA/frontend/.auto-claude/worktrees/tasks/012-workspace-integration-e2e-pdf-note-linking-verifi/frontend/test/features/pdf_viewer/widgets/text_selection_toolbar_test.dart: PdfTextSelectionToolbar Basic Rendering renders all 5 marker color buttons
00:02 +182: C:/DK/GMA/frontend/.auto-claude/worktrees/tasks/012-workspace-integration-e2e-pdf-note-linking-verifi/frontend/test/features/pdf_viewer/widgets/text_selection_toolbar_test.dart: PdfTextSelectionToolbar Basic Rendering renders all 5 marker color buttons
00:02 +183: C:/DK/GMA/frontend/.auto-claude/worktrees/tasks/012-workspace-integration-e2e-pdf-note-linking-verifi/frontend/test/features/pdf_viewer/widgets/text_selection_toolbar_test.dart: PdfTextSelectionToolbar Basic Rendering renders all 5 marker color buttons
00:02 +184: C:/DK/GMA/frontend/.auto-claude/worktrees/tasks/012-workspace-integration-e2e-pdf-note-linking-verifi/frontend/test/features/pdf_viewer/widgets/text_selection_toolbar_test.dart: PdfTextSelectionToolbar Basic Rendering renders all 5 marker color buttons
00:02 +185: C:/DK/GMA/frontend/.auto-claude/worktrees/tasks/012-workspace-integration-e2e-pdf-note-linking-verifi/frontend/test/features/pdf_viewer/widgets/text_selection_toolbar_test.dart: PdfTextSelectionToolbar Basic Rendering renders all 5 marker color buttons
00:02 +186: C:/DK/GMA/frontend/.auto-claude/worktrees/tasks/012-workspace-integration-e2e-pdf-note-linking-verifi/frontend/test/features/pdf_viewer/widgets/text_selection_toolbar_test.dart: PdfTextSelectionToolbar Basic Rendering renders all 5 marker color buttons
00:02 +187: C:/DK/GMA/frontend/.auto-claude/worktrees/tasks/012-workspace-integration-e2e-pdf-note-linking-verifi/frontend/test/features/pdf_viewer/widgets/text_selection_toolbar_test.dart: PdfTextSelectionToolbar Basic Rendering renders all 5 marker color buttons
00:02 +188: C:/DK/GMA/frontend/.auto-claude/worktrees/tasks/012-workspace-integration-e2e-pdf-note-linking-verifi/frontend/test/features/pdf_viewer/widgets/text_selection_toolbar_test.dart: PdfTextSelectionToolbar Basic Rendering renders all 5 marker color buttons
00:02 +189: C:/DK/GMA/frontend/.auto-claude/worktrees/tasks/012-workspace-integration-e2e-pdf-note-linking-verifi/frontend/test/features/pdf_viewer/widgets/text_selection_toolbar_test.dart: PdfTextSelectionToolbar Basic Rendering renders all 5 marker color buttons
00:02 +190: C:/DK/GMA/frontend/.auto-claude/worktrees/tasks/012-workspace-integration-e2e-pdf-note-linking-verifi/frontend/test/features/pdf_viewer/widgets/text_selection_toolbar_test.dart: PdfTextSelectionToolbar Basic Rendering renders all 5 marker color buttons
00:02 +191: C:/DK/GMA/frontend/.auto-claude/worktrees/tasks/012-workspace-integration-e2e-pdf-note-linking-verifi/frontend/test/features/pdf_viewer/widgets/text_selection_toolbar_test.dart: PdfTextSelectionToolbar Basic Rendering renders all 5 marker color buttons
00:02 +192: C:/DK/GMA/frontend/.auto-claude/worktrees/tasks/012-workspace-integration-e2e-pdf-note-linking-verifi/frontend/test/features/pdf_viewer/widgets/text_selection_toolbar_test.dart: PdfTextSelectionToolbar Basic Rendering renders all 5 marker color buttons
00:02 +193: C:/DK/GMA/frontend/.auto-claude/worktrees/tasks/012-workspace-integration-e2e-pdf-note-linking-verifi/frontend/test/features/pdf_viewer/widgets/text_selection_toolbar_test.dart: PdfTextSelectionToolbar Basic Rendering renders all 5 marker color buttons
00:02 +194: C:/DK/GMA/frontend/.auto-claude/worktrees/tasks/012-workspace-integration-e2e-pdf-note-linking-verifi/frontend/test/features/pdf_viewer/widgets/text_selection_toolbar_test.dart: PdfTextSelectionToolbar Basic Rendering renders all 5 marker color buttons
00:02 +195: C:/DK/GMA/frontend/.auto-claude/worktrees/tasks/012-workspace-integration-e2e-pdf-note-linking-verifi/frontend/test/features/pdf_viewer/widgets/text_selection_toolbar_test.dart: PdfTextSelectionToolbar Basic Rendering renders all 5 marker color buttons
00:02 +196: C:/DK/GMA/frontend/.auto-claude/worktrees/tasks/012-workspace-integration-e2e-pdf-note-linking-verifi/frontend/test/features/pdf_viewer/widgets/text_selection_toolbar_test.dart: PdfTextSelectionToolbar Basic Rendering renders all 5 marker color buttons
00:02 +197: C:/DK/GMA/frontend/.auto-claude/worktrees/tasks/012-workspace-integration-e2e-pdf-note-linking-verifi/frontend/test/features/pdf_viewer/widgets/text_selection_toolbar_test.dart: PdfTextSelectionToolbar Basic Rendering renders all 5 marker color buttons
00:02 +198: C:/DK/GMA/frontend/.auto-claude/worktrees/tasks/012-workspace-integration-e2e-pdf-note-linking-verifi/frontend/test/features/pdf_viewer/widgets/text_selection_toolbar_test.dart: PdfTextSelectionToolbar Basic Rendering renders all 5 marker color buttons
00:02 +199: C:/DK/GMA/frontend/.auto-claude/worktrees/tasks/012-workspace-integration-e2e-pdf-note-linking-verifi/frontend/test/features/pdf_viewer/widgets/text_selection_toolbar_test.dart: PdfTextSelectionToolbar Basic Rendering renders all 5 marker color buttons
00:02 +200: C:/DK/GMA/frontend/.auto-claude/worktrees/tasks/012-workspace-integration-e2e-pdf-note-linking-verifi/frontend/test/features/pdf_viewer/widgets/text_selection_toolbar_test.dart: PdfTextSelectionToolbar Basic Rendering renders all 5 marker color buttons
00:02 +201: C:/DK/GMA/frontend/.auto-claude/worktrees/tasks/012-workspace-integration-e2e-pdf-note-linking-verifi/frontend/test/features/pdf_viewer/widgets/text_selection_toolbar_test.dart: PdfTextSelectionToolbar Basic Rendering renders all 5 marker color buttons
00:02 +202: C:/DK/GMA/frontend/.auto-claude/worktrees/tasks/012-workspace-integration-e2e-pdf-note-linking-verifi/frontend/test/features/pdf_viewer/widgets/text_selection_toolbar_test.dart: PdfTextSelectionToolbar Basic Rendering renders all 5 marker color buttons
00:02 +203: C:/DK/GMA/frontend/.auto-claude/worktrees/tasks/012-workspace-integration-e2e-pdf-note-linking-verifi/frontend/test/features/pdf_viewer/widgets/text_selection_toolbar_test.dart: PdfTextSelectionToolbar Basic Rendering renders all 5 marker color buttons
00:02 +204: C:/DK/GMA/frontend/.auto-claude/worktrees/tasks/012-workspace-integration-e2e-pdf-note-linking-verifi/frontend/test/features/pdf_viewer/widgets/text_selection_toolbar_test.dart: PdfTextSelectionToolbar Basic Rendering renders all 5 marker color buttons
00:02 +205: C:/DK/GMA/frontend/.auto-claude/worktrees/tasks/012-workspace-integration-e2e-pdf-note-linking-verifi/frontend/test/features/pdf_viewer/widgets/text_selection_toolbar_test.dart: PdfTextSelectionToolbar Basic Rendering renders all 5 marker color buttons
00:02 +206: C:/DK/GMA/frontend/.auto-claude/worktrees/tasks/012-workspace-integration-e2e-pdf-note-linking-verifi/frontend/test/features/pdf_viewer/widgets/text_selection_toolbar_test.dart: PdfTextSelectionToolbar Basic Rendering renders all 5 marker color buttons
00:02 +207: C:/DK/GMA/frontend/.auto-claude/worktrees/tasks/012-workspace-integration-e2e-pdf-note-linking-verifi/frontend/test/features/pdf_viewer/widgets/text_selection_toolbar_test.dart: PdfTextSelectionToolbar Basic Rendering renders all 5 marker color buttons
00:02 +208: C:/DK/GMA/frontend/.auto-claude/worktrees/tasks/012-workspace-integration-e2e-pdf-note-linking-verifi/frontend/test/features/pdf_viewer/widgets/text_selection_toolbar_test.dart: PdfTextSelectionToolbar Basic Rendering renders all 5 marker color buttons
00:02 +209: C:/DK/GMA/frontend/.auto-claude/worktrees/tasks/012-workspace-integration-e2e-pdf-note-linking-verifi/frontend/test/features/pdf_viewer/widgets/text_selection_toolbar_test.dart: PdfTextSelectionToolbar Basic Rendering renders all 5 marker color buttons
00:02 +210: C:/DK/GMA/frontend/.auto-claude/worktrees/tasks/012-workspace-integration-e2e-pdf-note-linking-verifi/frontend/test/features/pdf_viewer/widgets/text_selection_toolbar_test.dart: PdfTextSelectionToolbar Basic Rendering renders all 5 marker color buttons
00:02 +211: C:/DK/GMA/frontend/.auto-claude/worktrees/tasks/012-workspace-integration-e2e-pdf-note-linking-verifi/frontend/test/features/pdf_viewer/widgets/text_selection_toolbar_test.dart: PdfTextSelectionToolbar Basic Rendering renders all 5 marker color buttons
00:02 +212: C:/DK/GMA/frontend/.auto-claude/worktrees/tasks/012-workspace-integration-e2e-pdf-note-linking-verifi/frontend/test/features/pdf_viewer/widgets/text_selection_toolbar_test.dart: PdfTextSelectionToolbar Basic Rendering renders all 5 marker color buttons
00:02 +213: C:/DK/GMA/frontend/.auto-claude/worktrees/tasks/012-workspace-integration-e2e-pdf-note-linking-verifi/frontend/test/features/pdf_viewer/widgets/text_selection_toolbar_test.dart: PdfTextSelectionToolbar Basic Rendering renders all 5 marker color buttons
00:02 +214: C:/DK/GMA/frontend/.auto-claude/worktrees/tasks/012-workspace-integration-e2e-pdf-note-linking-verifi/frontend/test/features/pdf_viewer/widgets/text_selection_toolbar_test.dart: PdfTextSelectionToolbar Basic Rendering renders all 5 marker color buttons
00:02 +215: C:/DK/GMA/frontend/.auto-claude/worktrees/tasks/012-workspace-integration-e2e-pdf-note-linking-verifi/frontend/test/features/pdf_viewer/widgets/text_selection_toolbar_test.dart: PdfTextSelectionToolbar Basic Rendering renders all 5 marker color buttons
00:02 +216: C:/DK/GMA/frontend/.auto-claude/worktrees/tasks/012-workspace-integration-e2e-pdf-note-linking-verifi/frontend/test/features/pdf_viewer/widgets/text_selection_toolbar_test.dart: PdfTextSelectionToolbar Basic Rendering renders all 5 marker color buttons
00:02 +217: C:/DK/GMA/frontend/.auto-claude/worktrees/tasks/012-workspace-integration-e2e-pdf-note-linking-verifi/frontend/test/features/workspace/integration/note_to_pdf_integration_test.dart: Note to PDF Navigation Flow tapping marker widget triggers navigation callback
00:02 +218: C:/DK/GMA/frontend/.auto-claude/worktrees/tasks/012-workspace-integration-e2e-pdf-note-linking-verifi/frontend/test/features/workspace/integration/note_to_pdf_integration_test.dart: Note to PDF Navigation Flow tapping marker widget triggers navigation callback
00:02 +219: C:/DK/GMA/frontend/.auto-claude/worktrees/tasks/012-workspace-integration-e2e-pdf-note-linking-verifi/frontend/test/features/workspace/integration/note_to_pdf_integration_test.dart: Note to PDF Navigation Flow tapping marker widget triggers navigation callback
00:02 +220: C:/DK/GMA/frontend/.auto-claude/worktrees/tasks/012-workspace-integration-e2e-pdf-note-linking-verifi/frontend/test/features/workspace/integration/note_to_pdf_integration_test.dart: Note to PDF Navigation Flow tapping marker widget triggers navigation callback
00:02 +221: C:/DK/GMA/frontend/.auto-claude/worktrees/tasks/012-workspace-integration-e2e-pdf-note-linking-verifi/frontend/test/features/workspace/integration/note_to_pdf_integration_test.dart: Note to PDF Navigation Flow tapping marker widget triggers navigation callback
00:02 +222: C:/DK/GMA/frontend/.auto-claude/worktrees/tasks/012-workspace-integration-e2e-pdf-note-linking-verifi/frontend/test/features/workspace/integration/note_to_pdf_integration_test.dart: Note to PDF Navigation Flow tapping marker widget triggers navigation callback
00:02 +223: C:/DK/GMA/frontend/.auto-claude/worktrees/tasks/012-workspace-integration-e2e-pdf-note-linking-verifi/frontend/test/features/workspace/integration/note_to_pdf_integration_test.dart: Note to PDF Navigation Flow tapping marker widget triggers navigation callback
00:02 +224: C:/DK/GMA/frontend/.auto-claude/worktrees/tasks/012-workspace-integration-e2e-pdf-note-linking-verifi/frontend/test/features/workspace/integration/note_to_pdf_integration_test.dart: Note to PDF Navigation Flow tapping marker widget triggers navigation callback
00:02 +225: C:/DK/GMA/frontend/.auto-claude/worktrees/tasks/012-workspace-integration-e2e-pdf-note-linking-verifi/frontend/test/features/workspace/integration/note_to_pdf_integration_test.dart: Note to PDF Navigation Flow tapping marker widget triggers navigation callback
00:02 +226: C:/DK/GMA/frontend/.auto-claude/worktrees/tasks/012-workspace-integration-e2e-pdf-note-linking-verifi/frontend/test/features/workspace/integration/note_to_pdf_integration_test.dart: Note to PDF Navigation Flow tapping marker widget triggers navigation callback
00:02 +227: C:/DK/GMA/frontend/.auto-claude/worktrees/tasks/012-workspace-integration-e2e-pdf-note-linking-verifi/frontend/test/features/workspace/integration/note_to_pdf_integration_test.dart: Note to PDF Navigation Flow tapping marker widget triggers navigation callback
00:02 +228: C:/DK/GMA/frontend/.auto-claude/worktrees/tasks/012-workspace-integration-e2e-pdf-note-linking-verifi/frontend/test/features/workspace/integration/note_to_pdf_integration_test.dart: Note to PDF Navigation Flow tapping marker widget triggers navigation callback
00:02 +229: C:/DK/GMA/frontend/.auto-claude/worktrees/tasks/012-workspace-integration-e2e-pdf-note-linking-verifi/frontend/test/features/workspace/integration/note_to_pdf_integration_test.dart: Note to PDF Navigation Flow tapping marker widget triggers navigation callback
00:02 +230: C:/DK/GMA/frontend/.auto-claude/worktrees/tasks/012-workspace-integration-e2e-pdf-note-linking-verifi/frontend/test/features/workspace/integration/note_to_pdf_integration_test.dart: Note to PDF Navigation Flow tapping marker widget triggers navigation callback
00:02 +231: C:/DK/GMA/frontend/.auto-claude/worktrees/tasks/012-workspace-integration-e2e-pdf-note-linking-verifi/frontend/test/features/workspace/integration/note_to_pdf_integration_test.dart: Note to PDF Navigation Flow tapping marker widget triggers navigation callback
00:02 +232: C:/DK/GMA/frontend/.auto-claude/worktrees/tasks/012-workspace-integration-e2e-pdf-note-linking-verifi/frontend/test/features/workspace/integration/note_to_pdf_integration_test.dart: Note to PDF Navigation Flow tapping marker widget triggers navigation callback
00:02 +233: C:/DK/GMA/frontend/.auto-claude/worktrees/tasks/012-workspace-integration-e2e-pdf-note-linking-verifi/frontend/test/features/workspace/integration/note_to_pdf_integration_test.dart: Note to PDF Navigation Flow tapping marker widget triggers navigation callback
00:02 +234: C:/DK/GMA/frontend/.auto-claude/worktrees/tasks/012-workspace-integration-e2e-pdf-note-linking-verifi/frontend/test/features/workspace/integration/note_to_pdf_integration_test.dart: Note to PDF Navigation Flow tapping marker widget triggers navigation callback
00:02 +235: C:/DK/GMA/frontend/.auto-claude/worktrees/tasks/012-workspace-integration-e2e-pdf-note-linking-verifi/frontend/test/features/workspace/integration/note_to_pdf_integration_test.dart: Note to PDF Navigation Flow tapping marker widget triggers navigation callback
00:02 +236: C:/DK/GMA/frontend/.auto-claude/worktrees/tasks/012-workspace-integration-e2e-pdf-note-linking-verifi/frontend/test/features/workspace/integration/note_to_pdf_integration_test.dart: Note to PDF Navigation Flow tapping marker widget triggers navigation callback
00:02 +237: C:/DK/GMA/frontend/.auto-claude/worktrees/tasks/012-workspace-integration-e2e-pdf-note-linking-verifi/frontend/test/features/workspace/integration/note_to_pdf_integration_test.dart: Note to PDF Navigation Flow tapping marker widget triggers navigation callback
00:02 +238: C:/DK/GMA/frontend/.auto-claude/worktrees/tasks/012-workspace-integration-e2e-pdf-note-linking-verifi/frontend/test/features/workspace/integration/note_to_pdf_integration_test.dart: Note to PDF Navigation Flow tapping marker widget triggers navigation callback
00:03 +239: C:/DK/GMA/frontend/.auto-claude/worktrees/tasks/012-workspace-integration-e2e-pdf-note-linking-verifi/frontend/test/features/workspace/integration/note_to_pdf_integration_test.dart: Note to PDF Navigation Flow tapping marker widget triggers navigation callback
00:03 +240: C:/DK/GMA/frontend/.auto-claude/worktrees/tasks/012-workspace-integration-e2e-pdf-note-linking-verifi/frontend/test/features/workspace/integration/note_to_pdf_integration_test.dart: Note to PDF Navigation Flow tapping marker widget triggers navigation callback
00:03 +241: C:/DK/GMA/frontend/.auto-claude/worktrees/tasks/012-workspace-integration-e2e-pdf-note-linking-verifi/frontend/test/features/workspace/integration/note_to_pdf_integration_test.dart: Note to PDF Navigation Flow tapping marker widget triggers navigation callback
00:03 +242: C:/DK/GMA/frontend/.auto-claude/worktrees/tasks/012-workspace-integration-e2e-pdf-note-linking-verifi/frontend/test/features/workspace/integration/note_to_pdf_integration_test.dart: Note to PDF Navigation Flow tapping marker widget triggers navigation callback
00:03 +243: C:/DK/GMA/frontend/.auto-claude/worktrees/tasks/012-workspace-integration-e2e-pdf-note-linking-verifi/frontend/test/features/workspace/integration/note_to_pdf_integration_test.dart: Note to PDF Navigation Flow tapping marker widget triggers navigation callback
00:03 +244: C:/DK/GMA/frontend/.auto-claude/worktrees/tasks/012-workspace-integration-e2e-pdf-note-linking-verifi/frontend/test/features/workspace/integration/note_to_pdf_integration_test.dart: Note to PDF Navigation Flow tapping marker widget triggers navigation callback
00:03 +245: C:/DK/GMA/frontend/.auto-claude/worktrees/tasks/012-workspace-integration-e2e-pdf-note-linking-verifi/frontend/test/features/workspace/integration/note_to_pdf_integration_test.dart: Note to PDF Navigation Flow tapping marker widget triggers navigation callback
00:03 +246: C:/DK/GMA/frontend/.auto-claude/worktrees/tasks/012-workspace-integration-e2e-pdf-note-linking-verifi/frontend/test/features/workspace/integration/note_to_pdf_integration_test.dart: Note to PDF Navigation Flow tapping marker widget triggers navigation callback
00:03 +247: C:/DK/GMA/frontend/.auto-claude/worktrees/tasks/012-workspace-integration-e2e-pdf-note-linking-verifi/frontend/test/features/workspace/integration/note_to_pdf_integration_test.dart: Note to PDF Navigation Flow tapping marker widget triggers navigation callback
00:03 +248: C:/DK/GMA/frontend/.auto-claude/worktrees/tasks/012-workspace-integration-e2e-pdf-note-linking-verifi/frontend/test/features/workspace/integration/note_to_pdf_integration_test.dart: Note to PDF Navigation Flow tapping marker widget triggers navigation callback
00:03 +249: C:/DK/GMA/frontend/.auto-claude/worktrees/tasks/012-workspace-integration-e2e-pdf-note-linking-verifi/frontend/test/features/workspace/integration/note_to_pdf_integration_test.dart: Note to PDF Navigation Flow tapping marker widget triggers navigation callback
00:03 +250: C:/DK/GMA/frontend/.auto-claude/worktrees/tasks/012-workspace-integration-e2e-pdf-note-linking-verifi/frontend/test/features/workspace/integration/note_to_pdf_integration_test.dart: Note to PDF Navigation Flow tapping marker widget triggers navigation callback
00:03 +251: C:/DK/GMA/frontend/.auto-claude/worktrees/tasks/012-workspace-integration-e2e-pdf-note-linking-verifi/frontend/test/features/workspace/integration/note_to_pdf_integration_test.dart: Note to PDF Navigation Flow tapping marker widget triggers navigation callback
00:03 +252: C:/DK/GMA/frontend/.auto-claude/worktrees/tasks/012-workspace-integration-e2e-pdf-note-linking-verifi/frontend/test/features/workspace/integration/note_to_pdf_integration_test.dart: Note to PDF Navigation Flow tapping marker widget triggers navigation callback
00:03 +253: C:/DK/GMA/frontend/.auto-claude/worktrees/tasks/012-workspace-integration-e2e-pdf-note-linking-verifi/frontend/test/features/workspace/integration/note_to_pdf_integration_test.dart: Note to PDF Navigation Flow tapping marker widget triggers navigation callback
00:03 +254: C:/DK/GMA/frontend/.auto-claude/worktrees/tasks/012-workspace-integration-e2e-pdf-note-linking-verifi/frontend/test/features/workspace/integration/note_to_pdf_integration_test.dart: Note to PDF Navigation Flow tapping marker widget triggers navigation callback
00:03 +255: C:/DK/GMA/frontend/.auto-claude/worktrees/tasks/012-workspace-integration-e2e-pdf-note-linking-verifi/frontend/test/features/workspace/integration/note_to_pdf_integration_test.dart: Note to PDF Navigation Flow tapping marker widget triggers navigation callback
00:03 +256: C:/DK/GMA/frontend/.auto-claude/worktrees/tasks/012-workspace-integration-e2e-pdf-note-linking-verifi/frontend/test/features/workspace/pages/providers/workspace_provider_test.dart: (setUpAll)
00:03 +257: C:/DK/GMA/frontend/.auto-claude/worktrees/tasks/012-workspace-integration-e2e-pdf-note-linking-verifi/frontend/test/features/workspace/pages/providers/workspace_provider_test.dart: (setUpAll)
00:03 +257: C:/DK/GMA/frontend/.auto-claude/worktrees/tasks/012-workspace-integration-e2e-pdf-note-linking-verifi/frontend/test/features/pdf_viewer/widgets/text_selection_toolbar_test.dart: PdfTextSelectionToolbar Color Button Interaction calls onColorSelected with red when red button is tapped
00:03 +258: C:/DK/GMA/frontend/.auto-claude/worktrees/tasks/012-workspace-integration-e2e-pdf-note-linking-verifi/frontend/test/features/pdf_viewer/widgets/text_selection_toolbar_test.dart: PdfTextSelectionToolbar Color Button Interaction calls onColorSelected with red when red button is tapped
00:03 +259: C:/DK/GMA/frontend/.auto-claude/worktrees/tasks/012-workspace-integration-e2e-pdf-note-linking-verifi/frontend/test/features/pdf_viewer/widgets/text_selection_toolbar_test.dart: PdfTextSelectionToolbar Color Button Interaction calls onColorSelected with red when red button is tapped
00:03 +260: C:/DK/GMA/frontend/.auto-claude/worktrees/tasks/012-workspace-integration-e2e-pdf-note-linking-verifi/frontend/test/features/pdf_viewer/widgets/text_selection_toolbar_test.dart: PdfTextSelectionToolbar Color Button Interaction calls onColorSelected with red when red button is tapped
00:03 +261: C:/DK/GMA/frontend/.auto-claude/worktrees/tasks/012-workspace-integration-e2e-pdf-note-linking-verifi/frontend/test/features/workspace/integration/note_to_pdf_integration_test.dart: Note to PDF Navigation Flow clicking marker line navigates to correct PDF page
00:03 +262: C:/DK/GMA/frontend/.auto-claude/worktrees/tasks/012-workspace-integration-e2e-pdf-note-linking-verifi/frontend/test/features/workspace/integration/note_to_pdf_integration_test.dart: Note to PDF Navigation Flow clicking marker line navigates to correct PDF page
00:03 +263: C:/DK/GMA/frontend/.auto-claude/worktrees/tasks/012-workspace-integration-e2e-pdf-note-linking-verifi/frontend/test/features/workspace/integration/note_to_pdf_integration_test.dart: Note to PDF Navigation Flow clicking marker line navigates to correct PDF page
00:03 +264: C:/DK/GMA/frontend/.auto-claude/worktrees/tasks/012-workspace-integration-e2e-pdf-note-linking-verifi/frontend/test/features/workspace/integration/note_to_pdf_integration_test.dart: Note to PDF Navigation Flow clicking marker line navigates to correct PDF page
00:03 +265: C:/DK/GMA/frontend/.auto-claude/worktrees/tasks/012-workspace-integration-e2e-pdf-note-linking-verifi/frontend/test/features/workspace/pages/providers/workspace_provider_test.dart: WorkspaceProvider updateNoteContent saves note with debouncing
00:03 +266: C:/DK/GMA/frontend/.auto-claude/worktrees/tasks/012-workspace-integration-e2e-pdf-note-linking-verifi/frontend/test/features/workspace/pages/providers/workspace_provider_test.dart: WorkspaceProvider updateNoteContent saves note with debouncing
00:03 +267: C:/DK/GMA/frontend/.auto-claude/worktrees/tasks/012-workspace-integration-e2e-pdf-note-linking-verifi/frontend/test/features/workspace/pages/providers/workspace_provider_test.dart: WorkspaceProvider updateNoteContent saves note with debouncing
00:03 +268: C:/DK/GMA/frontend/.auto-claude/worktrees/tasks/012-workspace-integration-e2e-pdf-note-linking-verifi/frontend/test/features/workspace/pages/providers/workspace_provider_test.dart: WorkspaceProvider updateNoteContent saves note with debouncing
00:03 +269: C:/DK/GMA/frontend/.auto-claude/worktrees/tasks/012-workspace-integration-e2e-pdf-note-linking-verifi/frontend/test/features/workspace/pages/providers/workspace_provider_test.dart: WorkspaceProvider updateNoteContent saves note with debouncing
00:03 +270: C:/DK/GMA/frontend/.auto-claude/worktrees/tasks/012-workspace-integration-e2e-pdf-note-linking-verifi/frontend/test/features/workspace/pages/providers/workspace_provider_test.dart: WorkspaceProvider updateNoteContent saves note with debouncing
00:03 +271: C:/DK/GMA/frontend/.auto-claude/worktrees/tasks/012-workspace-integration-e2e-pdf-note-linking-verifi/frontend/test/features/workspace/pages/providers/workspace_provider_test.dart: WorkspaceProvider updateNoteContent saves note with debouncing
00:03 +272: C:/DK/GMA/frontend/.auto-claude/worktrees/tasks/012-workspace-integration-e2e-pdf-note-linking-verifi/frontend/test/features/pdf_viewer/widgets/text_selection_toolbar_test.dart: PdfTextSelectionToolbar Color Button Interaction calls onColorSelected with purple when purple button is tapped
00:03 +273: C:/DK/GMA/frontend/.auto-claude/worktrees/tasks/012-workspace-integration-e2e-pdf-note-linking-verifi/frontend/test/features/pdf_viewer/widgets/text_selection_toolbar_test.dart: PdfTextSelectionToolbar Color Button Interaction calls onColorSelected with purple when purple button is tapped
00:03 +274: C:/DK/GMA/frontend/.auto-claude/worktrees/tasks/012-workspace-integration-e2e-pdf-note-linking-verifi/frontend/test/features/pdf_viewer/widgets/text_selection_toolbar_test.dart: PdfTextSelectionToolbar Color Button Interaction calls onColorSelected with purple when purple button is tapped
00:03 +275: C:/DK/GMA/frontend/.auto-claude/worktrees/tasks/012-workspace-integration-e2e-pdf-note-linking-verifi/frontend/test/features/pdf_viewer/widgets/text_selection_toolbar_test.dart: PdfTextSelectionToolbar Color Button Interaction calls onColorSelected with purple when purple button is tapped
00:03 +276: C:/DK/GMA/frontend/.auto-claude/worktrees/tasks/012-workspace-integration-e2e-pdf-note-linking-verifi/frontend/test/features/workspace/integration/note_to_pdf_integration_test.dart: Note to PDF Navigation Flow marker with text and image navigates correctly
00:03 +277: C:/DK/GMA/frontend/.auto-claude/worktrees/tasks/012-workspace-integration-e2e-pdf-note-linking-verifi/frontend/test/features/workspace/integration/note_to_pdf_integration_test.dart: Note to PDF Navigation Flow marker with text and image navigates correctly
00:03 +278: C:/DK/GMA/frontend/.auto-claude/worktrees/tasks/012-workspace-integration-e2e-pdf-note-linking-verifi/frontend/test/features/workspace/integration/note_to_pdf_integration_test.dart: Note to PDF Navigation Flow marker with text and image navigates correctly
00:03 +279: C:/DK/GMA/frontend/.auto-claude/worktrees/tasks/012-workspace-integration-e2e-pdf-note-linking-verifi/frontend/test/features/workspace/integration/note_to_pdf_integration_test.dart: Note to PDF Navigation Flow marker with text and image navigates correctly
00:03 +280: C:/DK/GMA/frontend/.auto-claude/worktrees/tasks/012-workspace-integration-e2e-pdf-note-linking-verifi/frontend/test/features/workspace/integration/note_to_pdf_integration_test.dart: Note to PDF Navigation Flow marker with text and image navigates correctly
00:03 +281: C:/DK/GMA/frontend/.auto-claude/worktrees/tasks/012-workspace-integration-e2e-pdf-note-linking-verifi/frontend/test/features/workspace/integration/note_to_pdf_integration_test.dart: Note to PDF Navigation Flow marker with text and image navigates correctly
00:03 +282: C:/DK/GMA/frontend/.auto-claude/worktrees/tasks/012-workspace-integration-e2e-pdf-note-linking-verifi/frontend/test/features/pdf_viewer/widgets/text_selection_toolbar_test.dart: PdfTextSelectionToolbar Color Button Interaction multiple taps work correctly
00:03 +283: C:/DK/GMA/frontend/.auto-claude/worktrees/tasks/012-workspace-integration-e2e-pdf-note-linking-verifi/frontend/test/features/pdf_viewer/widgets/text_selection_toolbar_test.dart: PdfTextSelectionToolbar Color Button Interaction multiple taps work correctly
00:03 +284: C:/DK/GMA/frontend/.auto-claude/worktrees/tasks/012-workspace-integration-e2e-pdf-note-linking-verifi/frontend/test/features/pdf_viewer/widgets/text_selection_toolbar_test.dart: PdfTextSelectionToolbar Color Button Interaction multiple taps work correctly
00:03 +285: C:/DK/GMA/frontend/.auto-claude/worktrees/tasks/012-workspace-integration-e2e-pdf-note-linking-verifi/frontend/test/features/note_editor/widgets/marker_line_widget_test.dart: MarkerLineWidget Color Variations green marker has correct color properties
00:03 +286: C:/DK/GMA/frontend/.auto-claude/worktrees/tasks/012-workspace-integration-e2e-pdf-note-linking-verifi/frontend/test/features/workspace/integration/note_to_pdf_integration_test.dart: Note to PDF Navigation Flow tapping emoji navigates to PDF page
00:03 +287: C:/DK/GMA/frontend/.auto-claude/worktrees/tasks/012-workspace-integration-e2e-pdf-note-linking-verifi/frontend/test/features/workspace/integration/note_to_pdf_integration_test.dart: Note to PDF Navigation Flow tapping emoji navigates to PDF page
00:03 +288: C:/DK/GMA/frontend/.auto-claude/worktrees/tasks/012-workspace-integration-e2e-pdf-note-linking-verifi/frontend/test/features/workspace/pages/providers/workspace_provider_test.dart: WorkspaceProvider PdfMarker model serialization works correctly
00:03 +288 -1: C:/DK/GMA/frontend/.auto-claude/worktrees/tasks/012-workspace-integration-e2e-pdf-note-linking-verifi/frontend/test/features/pdf_viewer/widgets/text_selection_toolbar_test.dart: PdfTextSelectionToolbar Color Button Interaction tapping same color multiple times works
00:03 +289 -1: C:/DK/GMA/frontend/.auto-claude/worktrees/tasks/012-workspace-integration-e2e-pdf-note-linking-verifi/frontend/test/features/note_editor/widgets/marker_line_widget_test.dart: MarkerLineWidget Color Variations purple marker has correct color properties
00:03 +289 -1: C:/DK/GMA/frontend/.auto-claude/worktrees/tasks/012-workspace-integration-e2e-pdf-note-linking-verifi/frontend/test/features/workspace/pages/providers/workspace_provider_test.dart: WorkspaceProvider PdfMarker model serialization works correctly [E]
  'package:pdfrx_engine/src/pdf_rect.dart': Failed assertion: line 13 pos 14: 'top >= bottom': Top coordinate must be greater than or equal to bottom coordinate.
  dart:core                                                                    _AssertionError._throwNew
  package:pdfrx_engine/src/pdf_rect.dart 13:14                                 new PdfRect
  test\features\workspace\pages\providers\workspace_provider_test.dart 262:19  main.<fn>.<fn>
  
00:03 +290 -1: C:/DK/GMA/frontend/.auto-claude/worktrees/tasks/012-workspace-integration-e2e-pdf-note-linking-verifi/frontend/test/features/note_editor/widgets/marker_line_widget_test.dart: MarkerLineWidget Color Variations purple marker has correct color properties
00:03 +291 -1: C:/DK/GMA/frontend/.auto-claude/worktrees/tasks/012-workspace-integration-e2e-pdf-note-linking-verifi/frontend/test/features/workspace/integration/note_to_pdf_integration_test.dart: Note to PDF Navigation Flow tapping page number badge navigates to PDF page
00:03 +292 -1: C:/DK/GMA/frontend/.auto-claude/worktrees/tasks/012-workspace-integration-e2e-pdf-note-linking-verifi/frontend/test/integration/note_to_pdf_flow_test.dart: (setUpAll)
00:03 +293 -1: C:/DK/GMA/frontend/.auto-claude/worktrees/tasks/012-workspace-integration-e2e-pdf-note-linking-verifi/frontend/test/integration/note_to_pdf_flow_test.dart: (setUpAll)
00:03 +294 -1: C:/DK/GMA/frontend/.auto-claude/worktrees/tasks/012-workspace-integration-e2e-pdf-note-linking-verifi/frontend/test/integration/note_to_pdf_flow_test.dart: (setUpAll)
00:03 +294 -1: C:/DK/GMA/frontend/.auto-claude/worktrees/tasks/012-workspace-integration-e2e-pdf-note-linking-verifi/frontend/test/features/workspace/integration/note_to_pdf_integration_test.dart: Note to PDF Navigation Flow multiple rapid taps navigate correctly
00:03 +295 -1: C:/DK/GMA/frontend/.auto-claude/worktrees/tasks/012-workspace-integration-e2e-pdf-note-linking-verifi/frontend/test/features/workspace/integration/note_to_pdf_integration_test.dart: Note to PDF Navigation Flow multiple rapid taps navigate correctly
00:03 +296 -1: C:/DK/GMA/frontend/.auto-claude/worktrees/tasks/012-workspace-integration-e2e-pdf-note-linking-verifi/frontend/test/integration/note_to_pdf_flow_test.dart: Note→PDF Integration Flow Marker click retrieves correct marker for PDF navigation
00:03 +297 -1: C:/DK/GMA/frontend/.auto-claude/worktrees/tasks/012-workspace-integration-e2e-pdf-note-linking-verifi/frontend/test/integration/note_to_pdf_flow_test.dart: Note→PDF Integration Flow Marker click retrieves correct marker for PDF navigation
00:03 +297 -2: C:/DK/GMA/frontend/.auto-claude/worktrees/tasks/012-workspace-integration-e2e-pdf-note-linking-verifi/frontend/test/features/workspace/integration/note_to_pdf_integration_test.dart: Note to PDF Navigation Flow marker without text navigates correctly
00:03 +297 -2: C:/DK/GMA/frontend/.auto-claude/worktrees/tasks/012-workspace-integration-e2e-pdf-note-linking-verifi/frontend/test/integration/note_to_pdf_flow_test.dart: Note→PDF Integration Flow Marker click retrieves correct marker for PDF navigation [E]
  'package:pdfrx_engine/src/pdf_rect.dart': Failed assertion: line 13 pos 14: 'top >= bottom': Top coordinate must be greater than or equal to bottom coordinate.
  dart:core                                           _AssertionError._throwNew
  package:pdfrx_engine/src/pdf_rect.dart 13:14        new PdfRect
  test\integration\note_to_pdf_flow_test.dart 139:23  main.<fn>.<fn>
  
00:03 +298 -2: C:/DK/GMA/frontend/.auto-claude/worktrees/tasks/012-workspace-integration-e2e-pdf-note-linking-verifi/frontend/test/features/workspace/integration/note_to_pdf_integration_test.dart: Note to PDF Navigation Flow marker without text navigates correctly
00:03 +299 -2: C:/DK/GMA/frontend/.auto-claude/worktrees/tasks/012-workspace-integration-e2e-pdf-note-linking-verifi/frontend/test/integration/note_to_pdf_flow_test.dart: Note→PDF Integration Flow Marker click with page-only navigation (no textRect)
00:03 +300 -2: C:/DK/GMA/frontend/.auto-claude/worktrees/tasks/012-workspace-integration-e2e-pdf-note-linking-verifi/frontend/test/integration/note_to_pdf_flow_test.dart: Note→PDF Integration Flow Marker click with page-only navigation (no textRect)
00:03 +301 -2: C:/DK/GMA/frontend/.auto-claude/worktrees/tasks/012-workspace-integration-e2e-pdf-note-linking-verifi/frontend/test/features/pdf_viewer/widgets/text_selection_toolbar_test.dart: PdfTextSelectionToolbar Visual Properties green button has correct color properties
00:03 +302 -2: C:/DK/GMA/frontend/.auto-claude/worktrees/tasks/012-workspace-integration-e2e-pdf-note-linking-verifi/frontend/test/features/pdf_viewer/widgets/text_selection_toolbar_test.dart: PdfTextSelectionToolbar Visual Properties green button has correct color properties
00:03 +303 -2: C:/DK/GMA/frontend/.auto-claude/worktrees/tasks/012-workspace-integration-e2e-pdf-note-linking-verifi/frontend/test/integration/note_to_pdf_flow_test.dart: Note→PDF Integration Flow Marker click with invalid marker ID returns null
00:03 +304 -2: C:/DK/GMA/frontend/.auto-claude/worktrees/tasks/012-workspace-integration-e2e-pdf-note-linking-verifi/frontend/test/features/workspace/integration/note_to_pdf_integration_test.dart: Note to PDF Navigation Flow all marker colors navigate correctly
00:03 +304 -3: C:/DK/GMA/frontend/.auto-claude/worktrees/tasks/012-workspace-integration-e2e-pdf-note-linking-verifi/frontend/test/features/workspace/integration/note_to_pdf_integration_test.dart: Note to PDF Navigation Flow all marker colors navigate correctly
00:03 +304 -3: C:/DK/GMA/frontend/.auto-claude/worktrees/tasks/012-workspace-integration-e2e-pdf-note-linking-verifi/frontend/test/integration/note_to_pdf_flow_test.dart: Note→PDF Integration Flow Marker click retrieves correct marker from multiple markers [E]
  'package:pdfrx_engine/src/pdf_rect.dart': Failed assertion: line 13 pos 14: 'top >= bottom': Top coordinate must be greater than or equal to bottom coordinate.
  dart:core                                           _AssertionError._throwNew
  package:pdfrx_engine/src/pdf_rect.dart 13:14        new PdfRect
  test\integration\note_to_pdf_flow_test.dart 212:23  main.<fn>.<fn>
  
00:03 +304 -4: C:/DK/GMA/frontend/.auto-claude/worktrees/tasks/012-workspace-integration-e2e-pdf-note-linking-verifi/frontend/test/features/workspace/integration/note_to_pdf_integration_test.dart: Note to PDF Navigation Flow all marker colors navigate correctly
00:03 +304 -4: C:/DK/GMA/frontend/.auto-claude/worktrees/tasks/012-workspace-integration-e2e-pdf-note-linking-verifi/frontend/test/integration/note_to_pdf_flow_test.dart: Note→PDF Integration Flow Marker click with captured image path for area capture [E]
  'package:pdfrx_engine/src/pdf_rect.dart': Failed assertion: line 13 pos 14: 'top >= bottom': Top coordinate must be greater than or equal to bottom coordinate.
  dart:core                                           _AssertionError._throwNew
  package:pdfrx_engine/src/pdf_rect.dart 13:14        new PdfRect
  test\integration\note_to_pdf_flow_test.dart 262:23  main.<fn>.<fn>
  
00:03 +305 -4: C:/DK/GMA/frontend/.auto-claude/worktrees/tasks/012-workspace-integration-e2e-pdf-note-linking-verifi/frontend/test/features/workspace/integration/note_to_pdf_integration_test.dart: Note to PDF Navigation Flow all marker colors navigate correctly
00:03 +306 -4: C:/DK/GMA/frontend/.auto-claude/worktrees/tasks/012-workspace-integration-e2e-pdf-note-linking-verifi/frontend/test/features/workspace/integration/note_to_pdf_integration_test.dart: Note to PDF Navigation Flow all marker colors navigate correctly
00:03 +307 -4: C:/DK/GMA/frontend/.auto-claude/worktrees/tasks/012-workspace-integration-e2e-pdf-note-linking-verifi/frontend/test/features/workspace/integration/note_to_pdf_integration_test.dart: Note to PDF Navigation Flow all marker colors navigate correctly
00:03 +308 -4: C:/DK/GMA/frontend/.auto-claude/worktrees/tasks/012-workspace-integration-e2e-pdf-note-linking-verifi/frontend/test/features/workspace/integration/note_to_pdf_integration_test.dart: Note to PDF Navigation Flow all marker colors navigate correctly
00:03 +309 -4: C:/DK/GMA/frontend/.auto-claude/worktrees/tasks/012-workspace-integration-e2e-pdf-note-linking-verifi/frontend/test/features/workspace/integration/note_to_pdf_integration_test.dart: Note to PDF Navigation Flow all marker colors navigate correctly
00:03 +310 -4: C:/DK/GMA/frontend/.auto-claude/worktrees/tasks/012-workspace-integration-e2e-pdf-note-linking-verifi/frontend/test/integration/pdf_to_note_flow_test.dart: (setUpAll)
00:03 +311 -4: C:/DK/GMA/frontend/.auto-claude/worktrees/tasks/012-workspace-integration-e2e-pdf-note-linking-verifi/frontend/test/integration/pdf_to_note_flow_test.dart: (setUpAll)
00:03 +312 -4: C:/DK/GMA/frontend/.auto-claude/worktrees/tasks/012-workspace-integration-e2e-pdf-note-linking-verifi/frontend/test/integration/pdf_to_note_flow_test.dart: (setUpAll)
00:03 +312 -4: C:/DK/GMA/frontend/.auto-claude/worktrees/tasks/012-workspace-integration-e2e-pdf-note-linking-verifi/frontend/test/features/workspace/integration/note_to_pdf_integration_test.dart: Note to PDF Navigation Flow special characters in marker text do not break navigation
00:03 +313 -4: C:/DK/GMA/frontend/.auto-claude/worktrees/tasks/012-workspace-integration-e2e-pdf-note-linking-verifi/frontend/test/features/workspace/integration/note_to_pdf_integration_test.dart: Note to PDF Navigation Flow special characters in marker text do not break navigation
00:04 +314 -4: C:/DK/GMA/frontend/.auto-claude/worktrees/tasks/012-workspace-integration-e2e-pdf-note-linking-verifi/frontend/test/integration/pdf_to_note_flow_test.dart: PDF→Note Integration Flow PDF text selection creates marker in workspace state
00:04 +315 -4: C:/DK/GMA/frontend/.auto-claude/worktrees/tasks/012-workspace-integration-e2e-pdf-note-linking-verifi/frontend/test/integration/pdf_to_note_flow_test.dart: PDF→Note Integration Flow PDF text selection creates marker in workspace state
00:04 +316 -4: C:/DK/GMA/frontend/.auto-claude/worktrees/tasks/012-workspace-integration-e2e-pdf-note-linking-verifi/frontend/test/integration/pdf_to_note_flow_test.dart: PDF→Note Integration Flow PDF text selection creates marker in workspace state
00:04 +316 -5: C:/DK/GMA/frontend/.auto-claude/worktrees/tasks/012-workspace-integration-e2e-pdf-note-linking-verifi/frontend/test/features/pdf_viewer/widgets/text_selection_toolbar_test.dart: PdfTextSelectionToolbar Layout Structure divider separates text preview from buttons
00:04 +316 -5: C:/DK/GMA/frontend/.auto-claude/worktrees/tasks/012-workspace-integration-e2e-pdf-note-linking-verifi/frontend/test/integration/pdf_to_note_flow_test.dart: PDF→Note Integration Flow PDF text selection creates marker in workspace state [E]
  'package:pdfrx_engine/src/pdf_rect.dart': Failed assertion: line 13 pos 14: 'top >= bottom': Top coordinate must be greater than or equal to bottom coordinate.
  dart:core                                           _AssertionError._throwNew
  package:pdfrx_engine/src/pdf_rect.dart 13:14        new PdfRect
  test\integration\pdf_to_note_flow_test.dart 139:23  main.<fn>.<fn>
  
00:04 +317 -5: C:/DK/GMA/frontend/.auto-claude/worktrees/tasks/012-workspace-integration-e2e-pdf-note-linking-verifi/frontend/test/integration/pdf_to_note_flow_test.dart: PDF→Note Integration Flow PDF text selection creates multiple markers correctly
00:04 +317 -6: C:/DK/GMA/frontend/.auto-claude/worktrees/tasks/012-workspace-integration-e2e-pdf-note-linking-verifi/frontend/test/utils/frontmatter_parser_test.dart: FrontmatterParser - Valid YAML parses valid frontmatter with simple fields
00:04 +317 -6: C:/DK/GMA/frontend/.auto-claude/worktrees/tasks/012-workspace-integration-e2e-pdf-note-linking-verifi/frontend/test/integration/pdf_to_note_flow_test.dart: PDF→Note Integration Flow PDF text selection creates multiple markers correctly [E]
  'package:pdfrx_engine/src/pdf_rect.dart': Failed assertion: line 13 pos 14: 'top >= bottom': Top coordinate must be greater than or equal to bottom coordinate.
  dart:core                                           _AssertionError._throwNew
  package:pdfrx_engine/src/pdf_rect.dart 13:14        new PdfRect
  test\integration\pdf_to_note_flow_test.dart 171:23  main.<fn>.<fn>
  
00:04 +318 -6: C:/DK/GMA/frontend/.auto-claude/worktrees/tasks/012-workspace-integration-e2e-pdf-note-linking-verifi/frontend/test/utils/frontmatter_parser_test.dart: FrontmatterParser - Valid YAML parses valid frontmatter with simple fields
00:04 +319 -6: C:/DK/GMA/frontend/.auto-claude/worktrees/tasks/012-workspace-integration-e2e-pdf-note-linking-verifi/frontend/test/utils/frontmatter_parser_test.dart: FrontmatterParser - Valid YAML parses valid frontmatter with simple fields
00:04 +320 -6: C:/DK/GMA/frontend/.auto-claude/worktrees/tasks/012-workspace-integration-e2e-pdf-note-linking-verifi/frontend/test/features/pdf_viewer/widgets/text_selection_toolbar_test.dart: PdfTextSelectionToolbar Edge Cases renders correctly with text preview
00:04 +321 -6: C:/DK/GMA/frontend/.auto-claude/worktrees/tasks/012-workspace-integration-e2e-pdf-note-linking-verifi/frontend/test/features/pdf_viewer/widgets/text_selection_toolbar_test.dart: PdfTextSelectionToolbar Edge Cases renders correctly with text preview
00:04 +321 -7: C:/DK/GMA/frontend/.auto-claude/worktrees/tasks/012-workspace-integration-e2e-pdf-note-linking-verifi/frontend/test/features/pdf_viewer/widgets/text_selection_toolbar_test.dart: PdfTextSelectionToolbar Edge Cases renders correctly with text preview
00:04 +321 -7: C:/DK/GMA/frontend/.auto-claude/worktrees/tasks/012-workspace-integration-e2e-pdf-note-linking-verifi/frontend/test/integration/pdf_to_note_flow_test.dart: PDF→Note Integration Flow PDF text selection with image capture path [E]
  'package:pdfrx_engine/src/pdf_rect.dart': Failed assertion: line 13 pos 14: 'top >= bottom': Top coordinate must be greater than or equal to bottom coordinate.
  dart:core                                           _AssertionError._throwNew
  package:pdfrx_engine/src/pdf_rect.dart 13:14        new PdfRect
  test\integration\pdf_to_note_flow_test.dart 249:23  main.<fn>.<fn>
  
00:04 +322 -7: C:/DK/GMA/frontend/.auto-claude/worktrees/tasks/012-workspace-integration-e2e-pdf-note-linking-verifi/frontend/test/features/pdf_viewer/widgets/text_selection_toolbar_test.dart: PdfTextSelectionToolbar Edge Cases renders correctly with text preview
00:04 +323 -7: C:/DK/GMA/frontend/.auto-claude/worktrees/tasks/012-workspace-integration-e2e-pdf-note-linking-verifi/frontend/test/features/pdf_viewer/widgets/text_selection_toolbar_test.dart: PdfTextSelectionToolbar Edge Cases renders correctly with text preview
00:04 +324 -7: C:/DK/GMA/frontend/.auto-claude/worktrees/tasks/012-workspace-integration-e2e-pdf-note-linking-verifi/frontend/test/integration/pdf_to_note_flow_test.dart: PDF→Note Integration Flow PDF text selection fails with invalid page number
00:04 +325 -7: C:/DK/GMA/frontend/.auto-claude/worktrees/tasks/012-workspace-integration-e2e-pdf-note-linking-verifi/frontend/test/integration/pdf_to_note_flow_test.dart: PDF→Note Integration Flow PDF text selection fails with invalid page number
00:04 +326 -7: C:/DK/GMA/frontend/.auto-claude/worktrees/tasks/012-workspace-integration-e2e-pdf-note-linking-verifi/frontend/test/features/pdf_viewer/widgets/text_selection_toolbar_test.dart: PdfTextSelectionToolbar Edge Cases handles very long single word
00:04 +327 -7: C:/DK/GMA/frontend/.auto-claude/worktrees/tasks/012-workspace-integration-e2e-pdf-note-linking-verifi/frontend/test/features/pdf_viewer/widgets/text_selection_toolbar_test.dart: PdfTextSelectionToolbar Edge Cases handles very long single word
00:04 +328 -7: C:/DK/GMA/frontend/.auto-claude/worktrees/tasks/012-workspace-integration-e2e-pdf-note-linking-verifi/frontend/test/features/pdf_viewer/widgets/text_selection_toolbar_test.dart: PdfTextSelectionToolbar Edge Cases handles very long single word
00:04 +329 -7: C:/DK/GMA/frontend/.auto-claude/worktrees/tasks/012-workspace-integration-e2e-pdf-note-linking-verifi/frontend/test/features/pdf_viewer/widgets/text_selection_toolbar_test.dart: PdfTextSelectionToolbar Edge Cases handles very long single word
00:04 +330 -7: C:/DK/GMA/frontend/.auto-claude/worktrees/tasks/012-workspace-integration-e2e-pdf-note-linking-verifi/frontend/test/features/pdf_viewer/widgets/text_selection_toolbar_test.dart: PdfTextSelectionToolbar Edge Cases handles very long single word
00:04 +331 -7: C:/DK/GMA/frontend/.auto-claude/worktrees/tasks/012-workspace-integration-e2e-pdf-note-linking-verifi/frontend/test/features/pdf_viewer/widgets/text_selection_toolbar_test.dart: PdfTextSelectionToolbar Edge Cases handles very long single word
00:04 +332 -7: C:/DK/GMA/frontend/.auto-claude/worktrees/tasks/012-workspace-integration-e2e-pdf-note-linking-verifi/frontend/test/features/pdf_viewer/widgets/text_selection_toolbar_test.dart: PdfTextSelectionToolbar Edge Cases handles very long single word
00:04 +333 -7: C:/DK/GMA/frontend/.auto-claude/worktrees/tasks/012-workspace-integration-e2e-pdf-note-linking-verifi/frontend/test/features/pdf_viewer/widgets/text_selection_toolbar_test.dart: PdfTextSelectionToolbar Edge Cases handles very long single word
00:04 +334 -7: C:/DK/GMA/frontend/.auto-claude/worktrees/tasks/012-workspace-integration-e2e-pdf-note-linking-verifi/frontend/test/features/pdf_viewer/widgets/text_selection_toolbar_test.dart: PdfTextSelectionToolbar Edge Cases handles very long single word
00:04 +335 -7: C:/DK/GMA/frontend/.auto-claude/worktrees/tasks/012-workspace-integration-e2e-pdf-note-linking-verifi/frontend/test/features/pdf_viewer/widgets/text_selection_toolbar_test.dart: PdfTextSelectionToolbar Edge Cases handles very long single word
00:04 +336 -7: C:/DK/GMA/frontend/.auto-claude/worktrees/tasks/012-workspace-integration-e2e-pdf-note-linking-verifi/frontend/test/features/pdf_viewer/widgets/text_selection_toolbar_test.dart: PdfTextSelectionToolbar Edge Cases handles very long single word
00:04 +337 -7: C:/DK/GMA/frontend/.auto-claude/worktrees/tasks/012-workspace-integration-e2e-pdf-note-linking-verifi/frontend/test/utils/frontmatter_parser_test.dart: FrontmatterParser - Invalid YAML handles special characters in keys
00:04 +338 -7: C:/DK/GMA/frontend/.auto-claude/worktrees/tasks/012-workspace-integration-e2e-pdf-note-linking-verifi/frontend/test/features/pdf_viewer/widgets/text_selection_toolbar_test.dart: PdfTextSelectionToolbar Edge Cases handles newlines in text preview
00:04 +339 -7: C:/DK/GMA/frontend/.auto-claude/worktrees/tasks/012-workspace-integration-e2e-pdf-note-linking-verifi/frontend/test/features/pdf_viewer/widgets/text_selection_toolbar_test.dart: PdfTextSelectionToolbar Edge Cases handles newlines in text preview
00:04 +340 -7: C:/DK/GMA/frontend/.auto-claude/worktrees/tasks/012-workspace-integration-e2e-pdf-note-linking-verifi/frontend/test/features/pdf_viewer/widgets/text_selection_toolbar_test.dart: PdfTextSelectionToolbar Edge Cases handles newlines in text preview
00:04 +341 -7: C:/DK/GMA/frontend/.auto-claude/worktrees/tasks/012-workspace-integration-e2e-pdf-note-linking-verifi/frontend/test/features/pdf_viewer/widgets/text_selection_toolbar_test.dart: PdfTextSelectionToolbar Edge Cases handles newlines in text preview
00:04 +342 -7: C:/DK/GMA/frontend/.auto-claude/worktrees/tasks/012-workspace-integration-e2e-pdf-note-linking-verifi/frontend/test/features/pdf_viewer/widgets/text_selection_toolbar_test.dart: PdfTextSelectionToolbar Edge Cases handles newlines in text preview
00:04 +343 -7: C:/DK/GMA/frontend/.auto-claude/worktrees/tasks/012-workspace-integration-e2e-pdf-note-linking-verifi/frontend/test/utils/frontmatter_parser_test.dart: FrontmatterParser - Edge Cases handles very large frontmatter
00:04 +344 -7: C:/DK/GMA/frontend/.auto-claude/worktrees/tasks/012-workspace-integration-e2e-pdf-note-linking-verifi/frontend/test/features/pdf_viewer/widgets/text_selection_toolbar_test.dart: PdfTextSelectionToolbar Edge Cases all buttons remain accessible when text preview is shown
00:04 +345 -7: C:/DK/GMA/frontend/.auto-claude/worktrees/tasks/012-workspace-integration-e2e-pdf-note-linking-verifi/frontend/test/features/pdf_viewer/widgets/text_selection_toolbar_test.dart: PdfTextSelectionToolbar Edge Cases all buttons remain accessible when text preview is shown
00:04 +346 -7: C:/DK/GMA/frontend/.auto-claude/worktrees/tasks/012-workspace-integration-e2e-pdf-note-linking-verifi/frontend/test/features/pdf_viewer/widgets/text_selection_toolbar_test.dart: PdfTextSelectionToolbar Edge Cases all buttons remain accessible when text preview is shown
00:04 +347 -7: C:/DK/GMA/frontend/.auto-claude/worktrees/tasks/012-workspace-integration-e2e-pdf-note-linking-verifi/frontend/test/features/pdf_viewer/widgets/text_selection_toolbar_test.dart: PdfTextSelectionToolbar Edge Cases all buttons remain accessible when text preview is shown
00:04 +348 -7: C:/DK/GMA/frontend/.auto-claude/worktrees/tasks/012-workspace-integration-e2e-pdf-note-linking-verifi/frontend/test/features/pdf_viewer/widgets/text_selection_toolbar_test.dart: PdfTextSelectionToolbar Edge Cases all buttons remain accessible when text preview is shown
00:04 +349 -7: C:/DK/GMA/frontend/.auto-claude/worktrees/tasks/012-workspace-integration-e2e-pdf-note-linking-verifi/frontend/test/features/pdf_viewer/widgets/text_selection_toolbar_test.dart: PdfTextSelectionToolbar Edge Cases all buttons remain accessible when text preview is shown
00:04 +350 -7: C:/DK/GMA/frontend/.auto-claude/worktrees/tasks/012-workspace-integration-e2e-pdf-note-linking-verifi/frontend/test/features/pdf_viewer/widgets/text_selection_toolbar_test.dart: PdfTextSelectionToolbar Edge Cases all buttons remain accessible when text preview is shown
00:04 +351 -7: C:/DK/GMA/frontend/.auto-claude/worktrees/tasks/012-workspace-integration-e2e-pdf-note-linking-verifi/frontend/test/features/pdf_viewer/widgets/text_selection_toolbar_test.dart: PdfTextSelectionToolbar Edge Cases all buttons remain accessible when text preview is shown
00:04 +352 -7: C:/DK/GMA/frontend/.auto-claude/worktrees/tasks/012-workspace-integration-e2e-pdf-note-linking-verifi/frontend/test/features/pdf_viewer/widgets/text_selection_toolbar_test.dart: PdfTextSelectionToolbar Edge Cases all buttons remain accessible when text preview is shown
00:04 +353 -7: C:/DK/GMA/frontend/.auto-claude/worktrees/tasks/012-workspace-integration-e2e-pdf-note-linking-verifi/frontend/test/utils/frontmatter_parser_test.dart: FrontmatterParser - Helper Methods serialize handles nested objects
00:04 +354 -7: C:/DK/GMA/frontend/.auto-claude/worktrees/tasks/012-workspace-integration-e2e-pdf-note-linking-verifi/frontend/test/features/pdf_viewer/widgets/text_selection_toolbar_test.dart: PdfTextSelectionToolbar Edge Cases callback works with text preview
00:04 +355 -7: C:/DK/GMA/frontend/.auto-claude/worktrees/tasks/012-workspace-integration-e2e-pdf-note-linking-verifi/frontend/test/features/pdf_viewer/widgets/text_selection_toolbar_test.dart: PdfTextSelectionToolbar Edge Cases callback works with text preview
00:04 +356 -7: C:/DK/GMA/frontend/.auto-claude/worktrees/tasks/012-workspace-integration-e2e-pdf-note-linking-verifi/frontend/test/features/pdf_viewer/widgets/text_selection_toolbar_test.dart: PdfTextSelectionToolbar Edge Cases callback works with text preview
00:04 +357 -7: C:/DK/GMA/frontend/.auto-claude/worktrees/tasks/012-workspace-integration-e2e-pdf-note-linking-verifi/frontend/test/features/pdf_viewer/widgets/text_selection_toolbar_test.dart: PdfTextSelectionToolbar Edge Cases callback works with text preview
00:04 +358 -7: C:/DK/GMA/frontend/.auto-claude/worktrees/tasks/012-workspace-integration-e2e-pdf-note-linking-verifi/frontend/test/features/pdf_viewer/widgets/text_selection_toolbar_test.dart: PdfTextSelectionToolbar Complete Scenarios complete toolbar without text preview
00:04 +359 -7: C:/DK/GMA/frontend/.auto-claude/worktrees/tasks/012-workspace-integration-e2e-pdf-note-linking-verifi/frontend/test/features/pdf_viewer/widgets/text_selection_toolbar_test.dart: PdfTextSelectionToolbar Complete Scenarios complete toolbar with text preview
00:04 +360 -7: C:/DK/GMA/frontend/.auto-claude/worktrees/tasks/012-workspace-integration-e2e-pdf-note-linking-verifi/frontend/test/features/pdf_viewer/widgets/text_selection_toolbar_test.dart: PdfTextSelectionToolbar Complete Scenarios sequential color selection
00:04 +361 -7: C:/DK/GMA/frontend/.auto-claude/worktrees/tasks/012-workspace-integration-e2e-pdf-note-linking-verifi/frontend/test/widget_test.dart: App renders
00:05 +362 -7: Some tests failed.
